Component: ARM Compiler 6.16 Tool: armlink [5dfeaa00]

==============================================================================

Section Cross References

    startup_stm32h750xx.o(RESET) refers to startup_stm32h750xx.o(STACK) for __initial_sp
    startup_stm32h750xx.o(RESET) refers to startup_stm32h750xx.o(.text) for Reset_Handler
    startup_stm32h750xx.o(RESET) refers to stm32h7xx_it.o(.text.NMI_Handler) for NMI_Handler
    startup_stm32h750xx.o(RESET) refers to stm32h7xx_it.o(.text.HardFault_Handler) for HardFault_Handler
    startup_stm32h750xx.o(RESET) refers to stm32h7xx_it.o(.text.MemManage_Handler) for MemManage_Handler
    startup_stm32h750xx.o(RESET) refers to stm32h7xx_it.o(.text.BusFault_Handler) for BusFault_Handler
    startup_stm32h750xx.o(RESET) refers to stm32h7xx_it.o(.text.UsageFault_Handler) for UsageFault_Handler
    startup_stm32h750xx.o(RESET) refers to stm32h7xx_it.o(.text.SVC_Handler) for SVC_Handler
    startup_stm32h750xx.o(RESET) refers to stm32h7xx_it.o(.text.DebugMon_Handler) for DebugMon_Handler
    startup_stm32h750xx.o(RESET) refers to stm32h7xx_it.o(.text.PendSV_Handler) for PendSV_Handler
    startup_stm32h750xx.o(RESET) refers to stm32h7xx_it.o(.text.SysTick_Handler) for SysTick_Handler
    startup_stm32h750xx.o(RESET) refers to stm32h7xx_it.o(.text.OTG_FS_IRQHandler) for OTG_FS_IRQHandler
    startup_stm32h750xx.o(.text) refers to system_stm32h7xx.o(.text.SystemInit) for SystemInit
    startup_stm32h750xx.o(.text) refers to entry.o(.ARM.Collect$$$$00000000) for __main
    main.o(.text.main) refers to main.o(.text.MPU_Config) for MPU_Config
    main.o(.text.main) refers to stm32h7xx_hal.o(.text.HAL_Init) for HAL_Init
    main.o(.text.main) refers to main.o(.text.SystemClock_Config) for SystemClock_Config
    main.o(.text.main) refers to gpio.o(.text.MX_GPIO_Init) for MX_GPIO_Init
    main.o(.text.main) refers to usb_device.o(.text.MX_USB_DEVICE_Init) for MX_USB_DEVICE_Init
    main.o(.ARM.exidx.text.main) refers to main.o(.text.main) for [Anonymous Symbol]
    main.o(.text.MPU_Config) refers to stm32h7xx_hal_cortex.o(.text.HAL_MPU_Disable) for HAL_MPU_Disable
    main.o(.text.MPU_Config) refers to stm32h7xx_hal_cortex.o(.text.HAL_MPU_ConfigRegion) for HAL_MPU_ConfigRegion
    main.o(.text.MPU_Config) refers to stm32h7xx_hal_cortex.o(.text.HAL_MPU_Enable) for HAL_MPU_Enable
    main.o(.ARM.exidx.text.MPU_Config) refers to main.o(.text.MPU_Config) for [Anonymous Symbol]
    main.o(.text.SystemClock_Config) refers to memseta.o(.text) for __aeabi_memclr4
    main.o(.text.SystemClock_Config) refers to stm32h7xx_hal_pwr_ex.o(.text.HAL_PWREx_ConfigSupply) for HAL_PWREx_ConfigSupply
    main.o(.text.SystemClock_Config) refers to stm32h7xx_hal_rcc.o(.text.HAL_RCC_OscConfig) for HAL_RCC_OscConfig
    main.o(.text.SystemClock_Config) refers to main.o(.text.Error_Handler) for Error_Handler
    main.o(.text.SystemClock_Config) refers to stm32h7xx_hal_rcc.o(.text.HAL_RCC_ClockConfig) for HAL_RCC_ClockConfig
    main.o(.ARM.exidx.text.SystemClock_Config) refers to main.o(.text.SystemClock_Config) for [Anonymous Symbol]
    main.o(.ARM.exidx.text.Error_Handler) refers to main.o(.text.Error_Handler) for [Anonymous Symbol]
    gpio.o(.ARM.exidx.text.MX_GPIO_Init) refers to gpio.o(.text.MX_GPIO_Init) for [Anonymous Symbol]
    stm32h7xx_it.o(.ARM.exidx.text.NMI_Handler) refers to stm32h7xx_it.o(.text.NMI_Handler) for [Anonymous Symbol]
    stm32h7xx_it.o(.ARM.exidx.text.HardFault_Handler) refers to stm32h7xx_it.o(.text.HardFault_Handler) for [Anonymous Symbol]
    stm32h7xx_it.o(.ARM.exidx.text.MemManage_Handler) refers to stm32h7xx_it.o(.text.MemManage_Handler) for [Anonymous Symbol]
    stm32h7xx_it.o(.ARM.exidx.text.BusFault_Handler) refers to stm32h7xx_it.o(.text.BusFault_Handler) for [Anonymous Symbol]
    stm32h7xx_it.o(.ARM.exidx.text.UsageFault_Handler) refers to stm32h7xx_it.o(.text.UsageFault_Handler) for [Anonymous Symbol]
    stm32h7xx_it.o(.ARM.exidx.text.SVC_Handler) refers to stm32h7xx_it.o(.text.SVC_Handler) for [Anonymous Symbol]
    stm32h7xx_it.o(.ARM.exidx.text.DebugMon_Handler) refers to stm32h7xx_it.o(.text.DebugMon_Handler) for [Anonymous Symbol]
    stm32h7xx_it.o(.ARM.exidx.text.PendSV_Handler) refers to stm32h7xx_it.o(.text.PendSV_Handler) for [Anonymous Symbol]
    stm32h7xx_it.o(.text.SysTick_Handler) refers to stm32h7xx_hal.o(.text.HAL_IncTick) for HAL_IncTick
    stm32h7xx_it.o(.ARM.exidx.text.SysTick_Handler) refers to stm32h7xx_it.o(.text.SysTick_Handler) for [Anonymous Symbol]
    stm32h7xx_it.o(.text.OTG_FS_IRQHandler) refers to usbd_conf.o(.bss.hpcd_USB_OTG_FS) for hpcd_USB_OTG_FS
    stm32h7xx_it.o(.text.OTG_FS_IRQHandler) refers to stm32h7xx_hal_pcd.o(.text.HAL_PCD_IRQHandler) for HAL_PCD_IRQHandler
    stm32h7xx_it.o(.ARM.exidx.text.OTG_FS_IRQHandler) refers to stm32h7xx_it.o(.text.OTG_FS_IRQHandler) for [Anonymous Symbol]
    stm32h7xx_hal_msp.o(.ARM.exidx.text.HAL_MspInit) refers to stm32h7xx_hal_msp.o(.text.HAL_MspInit) for [Anonymous Symbol]
[...]
    PCD_WriteEmptyTxFifo                     0x08004611   Thumb Code   306  stm32h7xx_hal_pcd.o(.text.PCD_WriteEmptyTxFifo)
    [Anonymous Symbol]                       0x08004610   Section        0  stm32h7xx_hal_pcd.o(.text.PCD_WriteEmptyTxFifo)
    [Anonymous Symbol]                       0x08004748   Section        0  stm32h7xx_it.o(.text.PendSV_Handler)
    RCCEx_PLL2_Config                        0x08004751   Thumb Code   458  stm32h7xx_hal_rcc_ex.o(.text.RCCEx_PLL2_Config)
    [Anonymous Symbol]                       0x08004750   Section        0  stm32h7xx_hal_rcc_ex.o(.text.RCCEx_PLL2_Config)
    RCCEx_PLL3_Config                        0x08004921   Thumb Code   458  stm32h7xx_hal_rcc_ex.o(.text.RCCEx_PLL3_Config)
    [Anonymous Symbol]                       0x08004920   Section        0  stm32h7xx_hal_rcc_ex.o(.text.RCCEx_PLL3_Config)
    [Anonymous Symbol]                       0x08004af0   Section        0  stm32h7xx_it.o(.text.SVC_Handler)
    SWAPBYTE                                 0x08004af9   Thumb Code    54  usbd_ctlreq.o(.text.SWAPBYTE)
    [Anonymous Symbol]                       0x08004af8   Section        0  usbd_ctlreq.o(.text.SWAPBYTE)
    SysTick_Config                           0x08004b31   Thumb Code    82  stm32h7xx_hal_cortex.o(.text.SysTick_Config)
    [Anonymous Symbol]                       0x08004b30   Section        0  stm32h7xx_hal_cortex.o(.text.SysTick_Config)
    [Anonymous Symbol]                       0x08004b88   Section        0  stm32h7xx_it.o(.text.SysTick_Handler)
    [Anonymous Symbol]                       0x08004b90   Section        0  main.o(.text.SystemClock_Config)
    [Anonymous Symbol]                       0x08004c80   Section        0  system_stm32h7xx.o(.text.SystemInit)
    [Anonymous Symbol]                       0x08004de0   Section        0  usbd_core.o(.text.USBD_ClrClassConfig)
    USBD_ClrFeature                          0x08004df9   Thumb Code    64  usbd_ctlreq.o(.text.USBD_ClrFeature)
    [Anonymous Symbol]                       0x08004df8   Section        0  usbd_ctlreq.o(.text.USBD_ClrFeature)
    [Anonymous Symbol]                       0x08004e38   Section        0  usbd_core.o(.text.USBD_CoreFindEP)
    [Anonymous Symbol]                       0x08004e40   Section        0  usbd_core.o(.text.USBD_CoreFindIF)
    [Anonymous Symbol]                       0x08004e48   Section        0  usbd_ioreq.o(.text.USBD_CtlContinueRx)
    [Anonymous Symbol]                       0x08004e68   Section        0  usbd_ioreq.o(.text.USBD_CtlContinueSendData)
    [Anonymous Symbol]                       0x08004e88   Section        0  usbd_ctlreq.o(.text.USBD_CtlError)
    [Anonymous Symbol]                       0x08004ea8   Section        0  usbd_ioreq.o(.text.USBD_CtlPrepareRx)
    [Anonymous Symbol]                       0x08004ee0   Section        0  usbd_ioreq.o(.text.USBD_CtlReceiveStatus)
    [Anonymous Symbol]                       0x08004f08   Section        0  usbd_ioreq.o(.text.USBD_CtlSendData)
    [Anonymous Symbol]                       0x08004f40   Section        0  usbd_ioreq.o(.text.USBD_CtlSendStatus)
    [Anonymous Symbol]                       0x08004f68   Section        0  usbd_desc.o(.text.USBD_FS_ConfigStrDescriptor)
    [Anonymous Symbol]                       0x08004fb8   Section        0  usbd_desc.o(.text.USBD_FS_DeviceDescriptor)
    [Anonymous Symbol]                       0x08004fd8   Section        0  usbd_desc.o(.text.USBD_FS_InterfaceStrDescriptor)
    [Anonymous Symbol]                       0x08005028   Section        0  usbd_desc.o(.text.USBD_FS_LangIDStrDescriptor)
    [Anonymous Symbol]                       0x08005048   Section        0  usbd_desc.o(.text.USBD_FS_ManufacturerStrDescriptor)
    [Anonymous Symbol]                       0x08005070   Section        0  usbd_desc.o(.text.USBD_FS_ProductStrDescriptor)
    [Anonymous Symbol]                       0x080050c0   Section        0  usbd_desc.o(.text.USBD_FS_SerialStrDescriptor)
    USBD_GetConfig                           0x080050e1   Thumb Code   100  usbd_ctlreq.o(.text.USBD_GetConfig)
    [Anonymous Symbol]                       0x080050e0   Section        0  usbd_ctlreq.o(.text.USBD_GetConfig)
    USBD_GetDescriptor                       0x08005149   Thumb Code   728  usbd_ctlreq.o(.text.USBD_GetDescriptor)
    [Anonymous Symbol]                       0x08005148   Section        0  usbd_ctlreq.o(.text.USBD_GetDescriptor)
    USBD_GetLen                              0x08005421   Thumb Code    50  usbd_ctlreq.o(.text.USBD_GetLen)
    [Anonymous Symbol]                       0x08005420   Section        0  usbd_ctlreq.o(.text.USBD_GetLen)
    USBD_GetStatus                           0x08005459   Thumb Code    98  usbd_ctlreq.o(.text.USBD_GetStatus)
    [Anonymous Symbol]                       0x08005458   Section        0  usbd_ctlreq.o(.text.USBD_GetStatus)
    [Anonymous Symbol]                       0x080054c0   Section        0  usbd_ctlreq.o(.text.USBD_GetString)
    [Anonymous Symbol]                       0x08005558   Section        0  usbd_conf.o(.text.USBD_Get_USB_Status)
    [Anonymous Symbol]                       0x080055b0   Section        0  usbd_core.o(.text.USBD_Init)
    [Anonymous Symbol]                       0x080055e0   Section        0  usbd_conf.o(.text.USBD_LL_ClearStallEP)
    [Anonymous Symbol]                       0x08005620   Section        0  usbd_conf.o(.text.USBD_LL_CloseEP)
    [Anonymous Symbol]                       0x08005660   Section        0  usbd_core.o(.text.USBD_LL_DataInStage)
    [Anonymous Symbol]                       0x08005710   Section        0  usbd_core.o(.text.USBD_LL_DataOutStage)
    [Anonymous Symbol]                       0x08005788   Section        0  usbd_core.o(.text.USBD_LL_DevConnected)
    [Anonymous Symbol]                       0x08005790   Section        0  usbd_core.o(.text.USBD_LL_DevDisconnected)
    [Anonymous Symbol]                       0x080057b0   Section        0  usbd_conf.o(.text.USBD_LL_Init)
    [Anonymous Symbol]                       0x08005838   Section        0  usbd_conf.o(.text.USBD_LL_IsStallEP)
    [Anonymous Symbol]                       0x08005898   Section        0  usbd_core.o(.text.USBD_LL_IsoINIncomplete)
    [Anonymous Symbol]                       0x080058c0   Section        0  usbd_core.o(.text.USBD_LL_IsoOUTIncomplete)
    [Anonymous Symbol]                       0x080058e8   Section        0  usbd_conf.o(.text.USBD_LL_OpenEP)
    [Anonymous Symbol]                       0x08005938   Section        0  usbd_conf.o(.text.USBD_LL_PrepareReceive)
    [Anonymous Symbol]                       0x08005980   Section        0  usbd_core.o(.text.USBD_LL_Reset)
    [Anonymous Symbol]                       0x080059e8   Section        0  usbd_core.o(.text.USBD_LL_Resume)
    [Anonymous Symbol]                       0x08005a00   Section        0  usbd_core.o(.text.USBD_LL_SOF)
    [Anonymous Symbol]                       0x08005a20   Section        0  usbd_core.o(.text.USBD_LL_SetSpeed)
    [Anonymous Symbol]                       0x08005a28   Section        0  usbd_conf.o(.text.USBD_LL_SetUSBAddress)
    [Anonymous Symbol]                       0x08005a68   Section        0  usbd_core.o(.text.USBD_LL_SetupStage)
    [Anonymous Symbol]                       0x08005ac0   Section        0  usbd_conf.o(.text.USBD_LL_StallEP)
    [Anonymous Symbol]                       0x08005b00   Section        0  usbd_conf.o(.text.USBD_LL_Start)
    [Anonymous Symbol]                       0x08005b38   Section        0  usbd_core.o(.text.USBD_LL_Suspend)
    [Anonymous Symbol]                       0x08005b50   Section        0  usbd_conf.o(.text.USBD_LL_Transmit)
    [Anonymous Symbol]                       0x08005b98   Section        0  usbd_ctlreq.o(.text.USBD_ParseSetupRequest)
    [Anonymous Symbol]                       0x08005c00   Section        0  usbd_core.o(.text.USBD_RegisterClass)
    USBD_SetAddress                          0x08005c49   Thumb Code   140  usbd_ctlreq.o(.text.USBD_SetAddress)
    [Anonymous Symbol]                       0x08005c48   Section        0  usbd_ctlreq.o(.text.USBD_SetAddress)
    [Anonymous Symbol]                       0x08005cd8   Section        0  usbd_core.o(.text.USBD_SetClassConfig)
    USBD_SetConfig                           0x08005cf1   Thumb Code   382  usbd_ctlreq.o(.text.USBD_SetConfig)
    [Anonymous Symbol]                       0x08005cf0   Section        0  usbd_ctlreq.o(.text.USBD_SetConfig)
    USBD_SetFeature                          0x08005e71   Thumb Code    78  usbd_ctlreq.o(.text.USBD_SetFeature)
    [Anonymous Symbol]                       0x08005e70   Section        0  usbd_ctlreq.o(.text.USBD_SetFeature)
    [Anonymous Symbol]                       0x08005ec0   Section        0  usbd_core.o(.text.USBD_Start)
    [Anonymous Symbol]                       0x08005ec8   Section        0  usbd_ctlreq.o(.text.USBD_StdDevReq)
    [Anonymous Symbol]                       0x08005f98   Section        0  usbd_ctlreq.o(.text.USBD_StdEPReq)
    [Anonymous Symbol]                       0x08006348   Section        0  usbd_ctlreq.o(.text.USBD_StdItfReq)
    [Anonymous Symbol]                       0x08006440   Section        0  usbd_uvc.o(.text.USBD_UVC_DataIn)
    [Anonymous Symbol]                       0x08006660   Section        0  usbd_uvc.o(.text.USBD_UVC_DataOut)
    [Anonymous Symbol]                       0x08006670   Section        0  usbd_uvc.o(.text.USBD_UVC_DeInit)
    [Anonymous Symbol]                       0x080066a8   Section        0  usbd_uvc.o(.text.USBD_UVC_EP0_RxReady)
    [Anonymous Symbol]                       0x080066b8   Section        0  usbd_uvc.o(.text.USBD_UVC_GetFSCfgDesc)
    [Anonymous Symbol]                       0x080066d0   Section        0  usbd_uvc.o(.text.USBD_UVC_GetHSCfgDesc)
    [Anonymous Symbol]                       0x080066e8   Section        0  usbd_uvc.o(.text.USBD_UVC_Init)
    [Anonymous Symbol]                       0x08006758   Section        0  usbd_uvc.o(.text.USBD_UVC_RegisterCamera)
    [Anonymous Symbol]                       0x08006780   Section        0  usbd_uvc.o(.text.USBD_UVC_SOF)
    [Anonymous Symbol]                       0x080067c0   Section        0  usbd_uvc.o(.text.USBD_UVC_Setup)
    [Anonymous Symbol]                       0x08006908   Section        0  usbd_conf.o(.text.USBD_static_free)
    [Anonymous Symbol]                       0x08006910   Section        0  usbd_conf.o(.text.USBD_static_malloc)
    [Anonymous Symbol]                       0x08006920   Section        0  stm32h7xx_ll_usb.o(.text.USB_ActivateEndpoint)
    [Anonymous Symbol]                       0x08006a00   Section        0  stm32h7xx_ll_usb.o(.text.USB_ActivateSetup)
    [Anonymous Symbol]                       0x08006a30   Section        0  stm32h7xx_ll_usb.o(.text.USB_CoreInit)
    USB_CoreReset                            0x08006b49   Thumb Code   130  stm32h7xx_ll_usb.o(.text.USB_CoreReset)
    [Anonymous Symbol]                       0x08006b48   Section        0  stm32h7xx_ll_usb.o(.text.USB_CoreReset)
    [Anonymous Symbol]                       0x08006bd0   Section        0  stm32h7xx_ll_usb.o(.text.USB_DeactivateEndpoint)
    [Anonymous Symbol]                       0x08006d18   Section        0  stm32h7xx_ll_usb.o(.text.USB_DevConnect)
    [Anonymous Symbol]                       0x08006d48   Section        0  stm32h7xx_ll_usb.o(.text.USB_DevDisconnect)
    [Anonymous Symbol]                       0x08006d78   Section        0  stm32h7xx_ll_usb.o(.text.USB_DevInit)
    [Anonymous Symbol]                       0x08007030   Section        0  stm32h7xx_ll_usb.o(.text.USB_DisableGlobalInt)
    [Anonymous Symbol]                       0x08007048   Section        0  stm32h7xx_ll_usb.o(.text.USB_EP0StartXfer)
    [Anonymous Symbol]                       0x08007240   Section        0  stm32h7xx_ll_usb.o(.text.USB_EP0_OutStart)
    [Anonymous Symbol]                       0x080072e0   Section        0  stm32h7xx_ll_usb.o(.text.USB_EPClearStall)
    [Anonymous Symbol]                       0x08007380   Section        0  stm32h7xx_ll_usb.o(.text.USB_EPSetStall)
    [Anonymous Symbol]                       0x08007428   Section        0  stm32h7xx_ll_usb.o(.text.USB_EPStartXfer)
    [Anonymous Symbol]                       0x08007790   Section        0  stm32h7xx_ll_usb.o(.text.USB_EPStopXfer)
    [Anonymous Symbol]                       0x080078b0   Section        0  stm32h7xx_ll_usb.o(.text.USB_EnableGlobalInt)
    [Anonymous Symbol]                       0x080078c8   Section        0  stm32h7xx_ll_usb.o(.text.USB_FlushRxFifo)
    [Anonymous Symbol]                       0x08007948   Section        0  stm32h7xx_ll_usb.o(.text.USB_FlushTxFifo)
    [Anonymous Symbol]                       0x080079d0   Section        0  stm32h7xx_ll_usb.o(.text.USB_GetDevSpeed)
    [Anonymous Symbol]                       0x08007a20   Section        0  stm32h7xx_ll_usb.o(.text.USB_GetMode)
    [Anonymous Symbol]                       0x08007a30   Section        0  stm32h7xx_ll_usb.o(.text.USB_ReadDevAllInEpInterrupt)
    [Anonymous Symbol]                       0x08007a58   Section        0  stm32h7xx_ll_usb.o(.text.USB_ReadDevAllOutEpInterrupt)
    [Anonymous Symbol]                       0x08007a80   Section        0  stm32h7xx_ll_usb.o(.text.USB_ReadDevInEPInterrupt)
    [Anonymous Symbol]                       0x08007ad0   Section        0  stm32h7xx_ll_usb.o(.text.USB_ReadDevOutEPInterrupt)
    [Anonymous Symbol]                       0x08007b00   Section        0  stm32h7xx_ll_usb.o(.text.USB_ReadInterrupts)
    [Anonymous Symbol]                       0x08007b20   Section        0  stm32h7xx_ll_usb.o(.text.USB_ReadPacket)
    [Anonymous Symbol]                       0x08007bd8   Section        0  stm32h7xx_ll_usb.o(.text.USB_SetCurrentMode)
    [Anonymous Symbol]                       0x08007cb8   Section        0  stm32h7xx_ll_usb.o(.text.USB_SetDevAddress)
    [Anonymous Symbol]                       0x08007cf0   Section        0  stm32h7xx_ll_usb.o(.text.USB_SetDevSpeed)
    [Anonymous Symbol]                       0x08007d18   Section        0  stm32h7xx_ll_usb.o(.text.USB_SetTurnaroundTime)
    [Anonymous Symbol]                       0x08007ed8   Section        0  stm32h7xx_ll_usb.o(.text.USB_WritePacket)
    [Anonymous Symbol]                       0x08007f60   Section        0  usbd_uvc.o(.text.UVC_Req_GetCurrent)
    [Anonymous Symbol]                       0x08007fb0   Section        0  usbd_uvc.o(.text.UVC_Req_SetCurrent)
    [Anonymous Symbol]                       0x08008008   Section        0  stm32h7xx_it.o(.text.UsageFault_Handler)
    __NVIC_EnableIRQ                         0x08008011   Thumb Code    48  stm32h7xx_hal_cortex.o(.text.__NVIC_EnableIRQ)
    [Anonymous Symbol]                       0x08008010   Section        0  stm32h7xx_hal_cortex.o(.text.__NVIC_EnableIRQ)
    __NVIC_GetPriorityGrouping               0x08008041   Thumb Code    16  stm32h7xx_hal_cortex.o(.text.__NVIC_GetPriorityGrouping)
    [Anonymous Symbol]                       0x08008040   Section        0  stm32h7xx_hal_cortex.o(.text.__NVIC_GetPriorityGrouping)
    __NVIC_SetPriority                       0x08008051   Thumb Code    66  stm32h7xx_hal_cortex.o(.text.__NVIC_SetPriority)
    [Anonymous Symbol]                       0x08008050   Section        0  stm32h7xx_hal_cortex.o(.text.__NVIC_SetPriority)
    __NVIC_SetPriorityGrouping               0x08008099   Thumb Code    60  stm32h7xx_hal_cortex.o(.text.__NVIC_SetPriorityGrouping)
    [Anonymous Symbol]                       0x08008098   Section        0  stm32h7xx_hal_cortex.o(.text.__NVIC_SetPriorityGrouping)
    [Anonymous Symbol]                       0x080080d8   Section        0  main.o(.text.main)
    i.__scatterload_copy                     0x080080f8   Section       14  handlers.o(i.__scatterload_copy)
    i.__scatterload_null                     0x08008106   Section        2  handlers.o(i.__scatterload_null)
    i.__scatterload_zeroinit                 0x08008108   Section       14  handlers.o(i.__scatterload_zeroinit)
    .L.str.3                                 0x08008126   Data          14  usbd_desc.o(.rodata.str1.1)
    [Anonymous Symbol]                       0x08008126   Section        0  usbd_desc.o(.rodata.str1.1)
    .L.str.2                                 0x08008134   Data          11  usbd_desc.o(.rodata.str1.1)
    .L.str.1                                 0x0800813f   Data          19  usbd_desc.o(.rodata.str1.1)
    .L.str                                   0x08008152   Data          22  usbd_desc.o(.rodata.str1.1)
    USBD_SetConfig.cfgidx                    0x24009798   Data           1  usbd_ctlreq.o(.bss.USBD_SetConfig.cfgidx)
    [Anonymous Symbol]                       0x24009798   Section        0  usbd_ctlreq.o(.bss.USBD_SetConfig.cfgidx)
    USBD_static_malloc.mem                   0x2400999c   Data         544  usbd_conf.o(.bss.USBD_static_malloc.mem)
    [Anonymous Symbol]                       0x2400999c   Section        0  usbd_conf.o(.bss.USBD_static_malloc.mem)
    STACK                                    0x2400a3b0   Section     1024  startup_stm32h750xx.o(STACK)

    Global Symbols

    Symbol Name                              Value     Ov Type        Size  Object(Section)

    BuildAttributes$$THM_ISAv4$E$P$D$K$B$S$7EM$VFPv5_D16$PE$PLD8$A:L22UL41UL21$X:L11$S22US41US21$IEEE1$IW$~IW$USESV6$~STKCKD$USESV7$~SHL$OTIME$EBA8$MICROLIB$REQ8$PRES8$EABIv2 0x00000000   Number         0  anon$$obj.o ABSOLUTE
    __cpp_initialize__aeabi_                  - Undefined Weak Reference
    __cxa_finalize                            - Undefined Weak Reference
    _clock_init                               - Undefined Weak Reference
    _microlib_exit                            - Undefined Weak Reference
    __Vectors_Size                           0x00000298   Number         0  startup_stm32h750xx.o ABSOLUTE
    __Vectors                                0x08000000   Data           4  startup_stm32h750xx.o(RESET)
    __Vectors_End                            0x08000298   Data           0  startup_stm32h750xx.o(RESET)
    __main                                   0x08000299   Thumb Code     0  entry.o(.ARM.Collect$$$$00000000)
    _main_stk                                0x08000299   Thumb Code     0  entry2.o(.ARM.Collect$$$$00000001)
    _main_scatterload                        0x0800029d   Thumb Code     0  entry5.o(.ARM.Collect$$$$00000004)
    __main_after_scatterload                 0x080002a1   Thumb Code     0  entry5.o(.ARM.Collect$$$$00000004)
    _main_clock                              0x080002a1   Thumb Code     0  entry7b.o(.ARM.Collect$$$$00000008)
    _main_cpp_init                           0x080002a1   Thumb Code     0  entry8b.o(.ARM.Collect$$$$0000000A)
    _main_init                               0x080002a1   Thumb Code     0  entry9a.o(.ARM.Collect$$$$0000000B)
    __rt_final_cpp                           0x080002a9   Thumb Code     0  entry10a.o(.ARM.Collect$$$$0000000D)
    __rt_final_exit                          0x080002a9   Thumb Code     0  entry11a.o(.ARM.Collect$$$$0000000F)
    Reset_Handler                            0x080002ad   Thumb Code     8  startup_stm32h750xx.o(.text)
    ADC3_IRQHandler                          0x080002c7   Thumb Code     0  startup_stm32h750xx.o(.text)
    ADC_IRQHandler                           0x080002c7   Thumb Code     0  startup_stm32h750xx.o(.text)
    BDMA_Channel0_IRQHandler                 0x080002c7   Thumb Code     0  startup_stm32h750xx.o(.text)
    BDMA_Channel1_IRQHandler                 0x080002c7   Thumb Code     0  startup_stm32h750xx.o(.text)
    BDMA_Channel2_IRQHandler                 0x080002c7   Thumb Code     0  startup_stm32h750xx.o(.text)
    BDMA_Channel3_IRQHandler                 0x080002c7   Thumb Code     0  startup_stm32h750xx.o(.text)
    BDMA_Channel4_IRQHandler                 0x080002c7   Thumb Code     0  startup_stm32h750xx.o(.text)
    BDMA_Channel5_IRQHandler                 0x080002c7   Thumb Code     0  startup_stm32h750xx.o(.text)
    BDMA_Channel6_IRQHandler                 0x080002c7   Thumb Code     0  startup_stm32h750xx.o(.text)
    BDMA_Channel7_IRQHandler                 0x080002c7   Thumb Code     0  startup_stm32h750xx.o(.text)
    CEC_IRQHandler                           0x080002c7   Thumb Code     0  startup_stm32h750xx.o(.text)
    COMP1_IRQHandler                         0x080002c7   Thumb Code     0  startup_stm32h750xx.o(.text)
    CRS_IRQHandler                           0x080002c7   Thumb Code     0  startup_stm32h750xx.o(.text)
    CRYP_IRQHandler                          0x080002c7   Thumb Code     0  startup_stm32h750xx.o(.text)
    DCMI_IRQHandler                          0x080002c7   Thumb Code     0  startup_stm32h750xx.o(.text)
    DFSDM1_FLT0_IRQHandler                   0x080002c7   Thumb Code     0  startup_stm32h750xx.o(.text)
    DFSDM1_FLT1_IRQHandler                   0x080002c7   Thumb Code     0  startup_stm32h750xx.o(.text)
    DFSDM1_FLT2_IRQHandler                   0x080002c7   Thumb Code     0  startup_stm32h750xx.o(.text)
    DFSDM1_FLT3_IRQHandler                   0x080002c7   Thumb Code     0  startup_stm32h750xx.o(.text)
    DMA1_Stream0_IRQHandler                  0x080002c7   Thumb Code     0  startup_stm32h750xx.o(.text)
    DMA1_Stream1_IRQHandler                  0x080002c7   Thumb Code     0  startup_stm32h750xx.o(.text)
    DMA1_Stream2_IRQHandler                  0x080002c7   Thumb Code     0  startup_stm32h750xx.o(.text)
    DMA1_Stream3_IRQHandler                  0x080002c7   Thumb Code     0  startup_stm32h750xx.o(.text)
    DMA1_Stream4_IRQHandler                  0x080002c7   Thumb Code     0  startup_stm32h750xx.o(.text)
    DMA1_Stream5_IRQHandler                  0x080002c7   Thumb Code     0  startup_stm32h750xx.o(.text)
    DMA1_Stream6_IRQHandler                  0x080002c7   Thumb Code     0  startup_stm32h750xx.o(.text)
    DMA1_Stream7_IRQHandler                  0x080002c7   Thumb Code     0  startup_stm32h750xx.o(.text)
    DMA2D_IRQHandler                         0x080002c7   Thumb Code     0  startup_stm32h750xx.o(.text)
    DMA2_Stream0_IRQHandler                  0x080002c7   Thumb Code     0  startup_stm32h750xx.o(.text)
    DMA2_Stream1_IRQHandler                  0x080002c7   Thumb Code     0  startup_stm32h750xx.o(.text)
    DMA2_Stream2_IRQHandler                  0x080002c7   Thumb Code     0  startup_stm32h750xx.o(.text)
    DMA2_Stream3_IRQHandler                  0x080002c7   Thumb Code     0  startup_stm32h750xx.o(.text)
    DMA2_Stream4_IRQHandler                  0x080002c7   Thumb Code     0  startup_stm32h750xx.o(.text)
    DMA2_Stream5_IRQHandler                  0x080002c7   Thumb Code     0  startup_stm32h750xx.o(.text)
    DMA2_Stream6_IRQHandler                  0x080002c7   Thumb Code     0  startup_stm32h750xx.o(.text)
    DMA2_Stream7_IRQHandler                  0x080002c7   Thumb Code     0  startup_stm32h750xx.o(.text)
    DMAMUX1_OVR_IRQHandler                   0x080002c7   Thumb Code     0  startup_stm32h750xx.o(.text)
    DMAMUX2_OVR_IRQHandler                   0x080002c7   Thumb Code     0  startup_stm32h750xx.o(.text)
    ECC_IRQHandler                           0x080002c7   Thumb Code     0  startup_stm32h750xx.o(.text)
    ETH_IRQHandler                           0x080002c7   Thumb Code     0  startup_stm32h750xx.o(.text)
    ETH_WKUP_IRQHandler                      0x080002c7   Thumb Code     0  startup_stm32h750xx.o(.text)
    EXTI0_IRQHandler                         0x080002c7   Thumb Code     0  startup_stm32h750xx.o(.text)
    EXTI15_10_IRQHandler                     0x080002c7   Thumb Code     0  startup_stm32h750xx.o(.text)
    EXTI1_IRQHandler                         0x080002c7   Thumb Code     0  startup_stm32h750xx.o(.text)
    EXTI2_IRQHandler                         0x080002c7   Thumb Code     0  startup_stm32h750xx.o(.text)
    EXTI3_IRQHandler                         0x080002c7   Thumb Code     0  startup_stm32h750xx.o(.text)
    EXTI4_IRQHandler                         0x080002c7   Thumb Code     0  startup_stm32h750xx.o(.text)
    EXTI9_5_IRQHandler                       0x080002c7   Thumb Code     0  startup_stm32h750xx.o(.text)
    FDCAN1_IT0_IRQHandler                    0x080002c7   Thumb Code     0  startup_stm32h750xx.o(.text)
    FDCAN1_IT1_IRQHandler                    0x080002c7   Thumb Code     0  startup_stm32h750xx.o(.text)
    FDCAN2_IT0_IRQHandler                    0x080002c7   Thumb Code     0  startup_stm32h750xx.o(.text)
    FDCAN2_IT1_IRQHandler                    0x080002c7   Thumb Code     0  startup_stm32h750xx.o(.text)
    FDCAN_CAL_IRQHandler                     0x080002c7   Thumb Code     0  startup_stm32h750xx.o(.text)
    FLASH_IRQHandler                         0x080002c7   Thumb Code     0  startup_stm32h750xx.o(.text)
    FMC_IRQHandler                           0x080002c7   Thumb Code     0  startup_stm32h750xx.o(.text)
    FPU_IRQHandler                           0x080002c7   Thumb Code     0  startup_stm32h750xx.o(.text)
    HASH_RNG_IRQHandler                      0x080002c7   Thumb Code     0  startup_stm32h750xx.o(.text)
    HRTIM1_FLT_IRQHandler                    0x080002c7   Thumb Code     0  startup_stm32h750xx.o(.text)
    HRTIM1_Master_IRQHandler                 0x080002c7   Thumb Code     0  startup_stm32h750xx.o(.text)
    HRTIM1_TIMA_IRQHandler                   0x080002c7   Thumb Code     0  startup_stm32h750xx.o(.text)
    HRTIM1_TIMB_IRQHandler                   0x080002c7   Thumb Code     0  startup_stm32h750xx.o(.text)
    HRTIM1_TIMC_IRQHandler                   0x080002c7   Thumb Code     0  startup_stm32h750xx.o(.text)
    HRTIM1_TIMD_IRQHandler                   0x080002c7   Thumb Code     0  startup_stm32h750xx.o(.text)
    HRTIM1_TIME_IRQHandler                   0x080002c7   Thumb Code     0  startup_stm32h750xx.o(.text)
    HSEM1_IRQHandler                         0x080002c7   Thumb Code     0  startup_stm32h750xx.o(.text)
    I2C1_ER_IRQHandler                       0x080002c7   Thumb Code     0  startup_stm32h750xx.o(.text)
    I2C1_EV_IRQHandler                       0x080002c7   Thumb Code     0  startup_stm32h750xx.o(.text)
    I2C2_ER_IRQHandler                       0x080002c7   Thumb Code     0  startup_stm32h750xx.o(.text)
    I2C2_EV_IRQHandler                       0x080002c7   Thumb Code     0  startup_stm32h750xx.o(.text)
    I2C3_ER_IRQHandler                       0x080002c7   Thumb Code     0  startup_stm32h750xx.o(.text)
    I2C3_EV_IRQHandler                       0x080002c7   Thumb Code     0  startup_stm32h750xx.o(.text)
    I2C4_ER_IRQHandler                       0x080002c7   Thumb Code     0  startup_stm32h750xx.o(.text)
    I2C4_EV_IRQHandler                       0x080002c7   Thumb Code     0  startup_stm32h750xx.o(.text)
    JPEG_IRQHandler                          0x080002c7   Thumb Code     0  startup_stm32h750xx.o(.text)
    LPTIM1_IRQHandler                        0x080002c7   Thumb Code     0  startup_stm32h750xx.o(.text)
    LPTIM2_IRQHandler                        0x080002c7   Thumb Code     0  startup_stm32h750xx.o(.text)
    LPTIM3_IRQHandler                        0x080002c7   Thumb Code     0  startup_stm32h750xx.o(.text)
    LPTIM4_IRQHandler                        0x080002c7   Thumb Code     0  startup_stm32h750xx.o(.text)
    LPTIM5_IRQHandler                        0x080002c7   Thumb Code     0  startup_stm32h750xx.o(.text)
    LPUART1_IRQHandler                       0x080002c7   Thumb Code     0  startup_stm32h750xx.o(.text)
    LTDC_ER_IRQHandler                       0x080002c7   Thumb Code     0  startup_stm32h750xx.o(.text)
    LTDC_IRQHandler                          0x080002c7   Thumb Code     0  startup_stm32h750xx.o(.text)
    MDIOS_IRQHandler                         0x080002c7   Thumb Code     0  startup_stm32h750xx.o(.text)
    MDIOS_WKUP_IRQHandler                    0x080002c7   Thumb Code     0  startup_stm32h750xx.o(.text)
    MDMA_IRQHandler                          0x080002c7   Thumb Code     0  startup_stm32h750xx.o(.text)
    OTG_FS_EP1_IN_IRQHandler                 0x080002c7   Thumb Code     0  startup_stm32h750xx.o(.text)
    OTG_FS_EP1_OUT_IRQHandler                0x080002c7   Thumb Code     0  startup_stm32h750xx.o(.text)
    OTG_FS_WKUP_IRQHandler                   0x080002c7   Thumb Code     0  startup_stm32h750xx.o(.text)
    OTG_HS_EP1_IN_IRQHandler                 0x080002c7   Thumb Code     0  startup_stm32h750xx.o(.text)
    OTG_HS_EP1_OUT_IRQHandler                0x080002c7   Thumb Code     0  startup_stm32h750xx.o(.text)
    OTG_HS_IRQHandler                        0x080002c7   Thumb Code     0  startup_stm32h750xx.o(.text)
    OTG_HS_WKUP_IRQHandler                   0x080002c7   Thumb Code     0  startup_stm32h750xx.o(.text)
    PVD_AVD_IRQHandler                       0x080002c7   Thumb Code     0  startup_stm32h750xx.o(.text)
    QUADSPI_IRQHandler                       0x080002c7   Thumb Code     0  startup_stm32h750xx.o(.text)
    RCC_IRQHandler                           0x080002c7   Thumb Code     0  startup_stm32h750xx.o(.text)
    RTC_Alarm_IRQHandler                     0x080002c7   Thumb Code     0  startup_stm32h750xx.o(.text)
    RTC_WKUP_IRQHandler                      0x080002c7   Thumb Code     0  startup_stm32h750xx.o(.text)
    SAI1_IRQHandler                          0x080002c7   Thumb Code     0  startup_stm32h750xx.o(.text)
    SAI2_IRQHandler                          0x080002c7   Thumb Code     0  startup_stm32h750xx.o(.text)
    SAI3_IRQHandler                          0x080002c7   Thumb Code     0  startup_stm32h750xx.o(.text)
    SAI4_IRQHandler                          0x080002c7   Thumb Code     0  startup_stm32h750xx.o(.text)
    SDMMC1_IRQHandler                        0x080002c7   Thumb Code     0  startup_stm32h750xx.o(.text)
    SDMMC2_IRQHandler                        0x080002c7   Thumb Code     0  startup_stm32h750xx.o(.text)
    SPDIF_RX_IRQHandler                      0x080002c7   Thumb Code     0  startup_stm32h750xx.o(.text)
    SPI1_IRQHandler                          0x080002c7   Thumb Code     0  startup_stm32h750xx.o(.text)
    SPI2_IRQHandler                          0x080002c7   Thumb Code     0  startup_stm32h750xx.o(.text)
    SPI3_IRQHandler                          0x080002c7   Thumb Code     0  startup_stm32h750xx.o(.text)
    SPI4_IRQHandler                          0x080002c7   Thumb Code     0  startup_stm32h750xx.o(.text)
    SPI5_IRQHandler                          0x080002c7   Thumb Code     0  startup_stm32h750xx.o(.text)
    SPI6_IRQHandler                          0x080002c7   Thumb Code     0  startup_stm32h750xx.o(.text)
    SWPMI1_IRQHandler                        0x080002c7   Thumb Code     0  startup_stm32h750xx.o(.text)
    TAMP_STAMP_IRQHandler                    0x080002c7   Thumb Code     0  startup_stm32h750xx.o(.text)
    TIM15_IRQHandler                         0x080002c7   Thumb Code     0  startup_stm32h750xx.o(.text)
    TIM16_IRQHandler                         0x080002c7   Thumb Code     0  startup_stm32h750xx.o(.text)
    TIM17_IRQHandler                         0x080002c7   Thumb Code     0  startup_stm32h750xx.o(.text)
    TIM1_BRK_IRQHandler                      0x080002c7   Thumb Code     0  startup_stm32h750xx.o(.text)
    TIM1_CC_IRQHandler                       0x080002c7   Thumb Code     0  startup_stm32h750xx.o(.text)
    TIM1_TRG_COM_IRQHandler                  0x080002c7   Thumb Code     0  startup_stm32h750xx.o(.text)
    TIM1_UP_IRQHandler                       0x080002c7   Thumb Code     0  startup_stm32h750xx.o(.text)
    TIM2_IRQHandler                          0x080002c7   Thumb Code     0  startup_stm32h750xx.o(.text)
    TIM3_IRQHandler                          0x080002c7   Thumb Code     0  startup_stm32h750xx.o(.text)
    TIM4_IRQHandler                          0x080002c7   Thumb Code     0  startup_stm32h750xx.o(.text)
    TIM5_IRQHandler                          0x080002c7   Thumb Code     0  startup_stm32h750xx.o(.text)
    TIM6_DAC_IRQHandler                      0x080002c7   Thumb Code     0  startup_stm32h750xx.o(.text)
    TIM7_IRQHandler                          0x080002c7   Thumb Code     0  startup_stm32h750xx.o(.text)
    TIM8_BRK_TIM12_IRQHandler                0x080002c7   Thumb Code     0  startup_stm32h750xx.o(.text)
    TIM8_CC_IRQHandler                       0x080002c7   Thumb Code     0  startup_stm32h750xx.o(.text)
    TIM8_TRG_COM_TIM14_IRQHandler            0x080002c7   Thumb Code     0  startup_stm32h750xx.o(.text)
    TIM8_UP_TIM13_IRQHandler                 0x080002c7   Thumb Code     0  startup_stm32h750xx.o(.text)
    UART4_IRQHandler                         0x080002c7   Thumb Code     0  startup_stm32h750xx.o(.text)
    UART5_IRQHandler                         0x080002c7   Thumb Code     0  startup_stm32h750xx.o(.text)
    UART7_IRQHandler                         0x080002c7   Thumb Code     0  startup_stm32h750xx.o(.text)
    UART8_IRQHandler                         0x080002c7   Thumb Code     0  startup_stm32h750xx.o(.text)
    USART1_IRQHandler                        0x080002c7   Thumb Code     0  startup_stm32h750xx.o(.text)
    USART2_IRQHandler                        0x080002c7   Thumb Code     0  startup_stm32h750xx.o(.text)
    USART3_IRQHandler                        0x080002c7   Thumb Code     0  startup_stm32h750xx.o(.text)
    USART6_IRQHandler                        0x080002c7   Thumb Code     0  startup_stm32h750xx.o(.text)
    WAKEUP_PIN_IRQHandler                    0x080002c7   Thumb Code     0  startup_stm32h750xx.o(.text)
    WWDG_IRQHandler                          0x080002c7   Thumb Code     0  startup_stm32h750xx.o(.text)
    __aeabi_memset                           0x080002d1   Thumb Code    14  memseta.o(.text)
    __aeabi_memset4                          0x080002d1   Thumb Code     0  memseta.o(.text)
    __aeabi_memset8                          0x080002d1   Thumb Code     0  memseta.o(.text)
    __aeabi_memclr                           0x080002df   Thumb Code     4  memseta.o(.text)
    __aeabi_memclr4                          0x080002df   Thumb Code     0  memseta.o(.text)
    __aeabi_memclr8                          0x080002df   Thumb Code     0  memseta.o(.text)
    _memset$wrapper                          0x080002e3   Thumb Code    18  memseta.o(.text)
    __scatterload                            0x080002f5   Thumb Code    28  init.o(.text)
    __scatterload_rt2                        0x080002f5   Thumb Code     0  init.o(.text)
    __decompress                             0x08000319   Thumb Code     0  __dclz77c.o(.text)
    __decompress2                            0x08000319   Thumb Code    94  __dclz77c.o(.text)
    BusFault_Handler                         0x08000379   Thumb Code     4  stm32h7xx_it.o(.text.BusFault_Handler)
    Camera_FreeFrame                         0x08000381   Thumb Code     8  usbd_uvc_if.o(.text.Camera_FreeFrame)
    Camera_GetFrame                          0x08000389   Thumb Code    24  usbd_uvc_if.o(.text.Camera_GetFrame)
    Camera_Off                               0x080003a1   Thumb Code     2  usbd_uvc_if.o(.text.Camera_Off)
    Camera_On                                0x080003a9   Thumb Code     2  usbd_uvc_if.o(.text.Camera_On)
    DebugMon_Handler                         0x080003b1   Thumb Code     2  stm32h7xx_it.o(.text.DebugMon_Handler)
    Error_Handler                            0x080003b9   Thumb Code    14  main.o(.text.Error_Handler)
    HAL_Delay                                0x08000429   Thumb Code    66  stm32h7xx_hal.o(.text.HAL_Delay)
    HAL_GPIO_Init                            0x08000471   Thumb Code   964  stm32h7xx_hal_gpio.o(.text.HAL_GPIO_Init)
    HAL_GetREVID                             0x08000839   Thumb Code    14  stm32h7xx_hal.o(.text.HAL_GetREVID)
    HAL_GetTick                              0x08000849   Thumb Code    12  stm32h7xx_hal.o(.text.HAL_GetTick)
    HAL_IncTick                              0x08000859   Thumb Code    26  stm32h7xx_hal.o(.text.HAL_IncTick)
    HAL_Init                                 0x08000879   Thumb Code   122  stm32h7xx_hal.o(.text.HAL_Init)
    HAL_InitTick                             0x080008f9   Thumb Code   134  stm32h7xx_hal.o(.text.HAL_InitTick)
    HAL_MPU_ConfigRegion                     0x08000981   Thumb Code   158  stm32h7xx_hal_cortex.o(.text.HAL_MPU_ConfigRegion)
    HAL_MPU_Disable                          0x08000a21   Thumb Code    34  stm32h7xx_hal_cortex.o(.text.HAL_MPU_Disable)
    HAL_MPU_Enable                           0x08000a49   Thumb Code    48  stm32h7xx_hal_cortex.o(.text.HAL_MPU_Enable)
    HAL_MspInit                              0x08000a79   Thumb Code    36  stm32h7xx_hal_msp.o(.text.HAL_MspInit)
    HAL_NVIC_EnableIRQ                       0x08000aa1   Thumb Code    20  stm32h7xx_hal_cortex.o(.text.HAL_NVIC_EnableIRQ)
    HAL_NVIC_SetPriority                     0x08000ab9   Thumb Code    46  stm32h7xx_hal_cortex.o(.text.HAL_NVIC_SetPriority)
    HAL_NVIC_SetPriorityGrouping             0x08000ae9   Thumb Code    16  stm32h7xx_hal_cortex.o(.text.HAL_NVIC_SetPriorityGrouping)
    HAL_PCDEx_ActivateLPM                    0x08000af9   Thumb Code    54  stm32h7xx_hal_pcd_ex.o(.text.HAL_PCDEx_ActivateLPM)
    HAL_PCDEx_LPM_Callback                   0x08000b31   Thumb Code    12  stm32h7xx_hal_pcd_ex.o(.text.HAL_PCDEx_LPM_Callback)
    HAL_PCDEx_SetRxFiFo                      0x08000b41   Thumb Code    24  stm32h7xx_hal_pcd_ex.o(.text.HAL_PCDEx_SetRxFiFo)
    HAL_PCDEx_SetTxFiFo                      0x08000b59   Thumb Code   156  stm32h7xx_hal_pcd_ex.o(.text.HAL_PCDEx_SetTxFiFo)
    HAL_PCD_ConnectCallback                  0x08000bf9   Thumb Code    20  usbd_conf.o(.text.HAL_PCD_ConnectCallback)
    HAL_PCD_DataInStageCallback              0x08000c11   Thumb Code    38  usbd_conf.o(.text.HAL_PCD_DataInStageCallback)
    HAL_PCD_DataOutStageCallback             0x08000c39   Thumb Code    40  usbd_conf.o(.text.HAL_PCD_DataOutStageCallback)
    HAL_PCD_DisconnectCallback               0x08000c61   Thumb Code    20  usbd_conf.o(.text.HAL_PCD_DisconnectCallback)
    HAL_PCD_EP_Abort                         0x08000c79   Thumb Code    94  stm32h7xx_hal_pcd.o(.text.HAL_PCD_EP_Abort)
    HAL_PCD_EP_Close                         0x08000cd9   Thumb Code   168  stm32h7xx_hal_pcd.o(.text.HAL_PCD_EP_Close)
    HAL_PCD_EP_ClrStall                      0x08000d81   Thumb Code   200  stm32h7xx_hal_pcd.o(.text.HAL_PCD_EP_ClrStall)
    HAL_PCD_EP_Open                          0x08000e49   Thumb Code   234  stm32h7xx_hal_pcd.o(.text.HAL_PCD_EP_Open)
    HAL_PCD_EP_Receive                       0x08000f39   Thumb Code   134  stm32h7xx_hal_pcd.o(.text.HAL_PCD_EP_Receive)
    HAL_PCD_EP_SetStall                      0x08000fc1   Thumb Code   222  stm32h7xx_hal_pcd.o(.text.HAL_PCD_EP_SetStall)
    HAL_PCD_EP_Transmit                      0x080010a1   Thumb Code   134  stm32h7xx_hal_pcd.o(.text.HAL_PCD_EP_Transmit)
    HAL_PCD_IRQHandler                       0x08001129   Thumb Code  1952  stm32h7xx_hal_pcd.o(.text.HAL_PCD_IRQHandler)
    HAL_PCD_ISOINIncompleteCallback          0x080018c9   Thumb Code    28  usbd_conf.o(.text.HAL_PCD_ISOINIncompleteCallback)
    HAL_PCD_ISOOUTIncompleteCallback         0x080018e9   Thumb Code    28  usbd_conf.o(.text.HAL_PCD_ISOOUTIncompleteCallback)
    HAL_PCD_Init                             0x08001909   Thumb Code   708  stm32h7xx_hal_pcd.o(.text.HAL_PCD_Init)
    HAL_PCD_MspInit                          0x08001bd1   Thumb Code   190  usbd_conf.o(.text.HAL_PCD_MspInit)
    HAL_PCD_ResetCallback                    0x08001c91   Thumb Code    82  usbd_conf.o(.text.HAL_PCD_ResetCallback)
    HAL_PCD_ResumeCallback                   0x08001ce9   Thumb Code    20  usbd_conf.o(.text.HAL_PCD_ResumeCallback)
    HAL_PCD_SOFCallback                      0x08001d01   Thumb Code    20  usbd_conf.o(.text.HAL_PCD_SOFCallback)
    HAL_PCD_SetAddress                       0x08001d19   Thumb Code    94  stm32h7xx_hal_pcd.o(.text.HAL_PCD_SetAddress)
    HAL_PCD_SetupStageCallback               0x08001d79   Thumb Code    24  usbd_conf.o(.text.HAL_PCD_SetupStageCallback)
    HAL_PCD_Start                            0x08001d91   Thumb Code   122  stm32h7xx_hal_pcd.o(.text.HAL_PCD_Start)
    HAL_PCD_SuspendCallback                  0x08001e11   Thumb Code    62  usbd_conf.o(.text.HAL_PCD_SuspendCallback)
    HAL_PWREx_ConfigSupply                   0x08001e51   Thumb Code   162  stm32h7xx_hal_pwr_ex.o(.text.HAL_PWREx_ConfigSupply)
    HAL_PWREx_EnableUSBVoltageDetector       0x08001ef9   Thumb Code    18  stm32h7xx_hal_pwr_ex.o(.text.HAL_PWREx_EnableUSBVoltageDetector)
    HAL_RCCEx_PeriphCLKConfig                0x08001f11   Thumb Code  3966  stm32h7xx_hal_rcc_ex.o(.text.HAL_RCCEx_PeriphCLKConfig)
    HAL_RCC_ClockConfig                      0x08002e91   Thumb Code  1176  stm32h7xx_hal_rcc.o(.text.HAL_RCC_ClockConfig)
    HAL_RCC_GetHCLKFreq                      0x08003329   Thumb Code    86  stm32h7xx_hal_rcc.o(.text.HAL_RCC_GetHCLKFreq)
    HAL_RCC_GetSysClockFreq                  0x08003381   Thumb Code   784  stm32h7xx_hal_rcc.o(.text.HAL_RCC_GetSysClockFreq)
    HAL_RCC_OscConfig                        0x08003691   Thumb Code  2790  stm32h7xx_hal_rcc.o(.text.HAL_RCC_OscConfig)
    HAL_SYSTICK_Config                       0x08004179   Thumb Code    16  stm32h7xx_hal_cortex.o(.text.HAL_SYSTICK_Config)
    HardFault_Handler                        0x08004189   Thumb Code     4  stm32h7xx_it.o(.text.HardFault_Handler)
    MX_GPIO_Init                             0x08004261   Thumb Code    66  gpio.o(.text.MX_GPIO_Init)
    MX_USB_DEVICE_Init                       0x080042a9   Thumb Code   122  usb_device.o(.text.MX_USB_DEVICE_Init)
    MemManage_Handler                        0x08004329   Thumb Code     4  stm32h7xx_it.o(.text.MemManage_Handler)
    NMI_Handler                              0x08004331   Thumb Code     4  stm32h7xx_it.o(.text.NMI_Handler)
    OTG_FS_IRQHandler                        0x080043a9   Thumb Code    16  stm32h7xx_it.o(.text.OTG_FS_IRQHandler)
    PendSV_Handler                           0x08004749   Thumb Code     2  stm32h7xx_it.o(.text.PendSV_Handler)
    SVC_Handler                              0x08004af1   Thumb Code     2  stm32h7xx_it.o(.text.SVC_Handler)
    SysTick_Handler                          0x08004b89   Thumb Code     8  stm32h7xx_it.o(.text.SysTick_Handler)
    SystemClock_Config                       0x08004b91   Thumb Code   234  main.o(.text.SystemClock_Config)
    SystemInit                               0x08004c81   Thumb Code   352  system_stm32h7xx.o(.text.SystemInit)
    USBD_ClrClassConfig                      0x08004de1   Thumb Code    18  usbd_core.o(.text.USBD_ClrClassConfig)
    USBD_CoreFindEP                          0x08004e39   Thumb Code     4  usbd_core.o(.text.USBD_CoreFindEP)
    USBD_CoreFindIF                          0x08004e41   Thumb Code     4  usbd_core.o(.text.USBD_CoreFindIF)
    USBD_CtlContinueRx                       0x08004e49   Thumb Code    30  usbd_ioreq.o(.text.USBD_CtlContinueRx)
    USBD_CtlContinueSendData                 0x08004e69   Thumb Code    30  usbd_ioreq.o(.text.USBD_CtlContinueSendData)
    USBD_CtlError                            0x08004e89   Thumb Code    28  usbd_ctlreq.o(.text.USBD_CtlError)
    USBD_CtlPrepareRx                        0x08004ea9   Thumb Code    54  usbd_ioreq.o(.text.USBD_CtlPrepareRx)
    USBD_CtlReceiveStatus                    0x08004ee1   Thumb Code    34  usbd_ioreq.o(.text.USBD_CtlReceiveStatus)
    USBD_CtlSendData                         0x08004f09   Thumb Code    50  usbd_ioreq.o(.text.USBD_CtlSendData)
    USBD_CtlSendStatus                       0x08004f41   Thumb Code    34  usbd_ioreq.o(.text.USBD_CtlSendStatus)
    USBD_FS_ConfigStrDescriptor              0x08004f69   Thumb Code    78  usbd_desc.o(.text.USBD_FS_ConfigStrDescriptor)
    USBD_FS_DeviceDescriptor                 0x08004fb9   Thumb Code    26  usbd_desc.o(.text.USBD_FS_DeviceDescriptor)
    USBD_FS_InterfaceStrDescriptor           0x08004fd9   Thumb Code    78  usbd_desc.o(.text.USBD_FS_InterfaceStrDescriptor)
    USBD_FS_LangIDStrDescriptor              0x08005029   Thumb Code    26  usbd_desc.o(.text.USBD_FS_LangIDStrDescriptor)
    USBD_FS_ManufacturerStrDescriptor        0x08005049   Thumb Code    40  usbd_desc.o(.text.USBD_FS_ManufacturerStrDescriptor)
    USBD_FS_ProductStrDescriptor             0x08005071   Thumb Code    78  usbd_desc.o(.text.USBD_FS_ProductStrDescriptor)
    USBD_FS_SerialStrDescriptor              0x080050c1   Thumb Code    32  usbd_desc.o(.text.USBD_FS_SerialStrDescriptor)
    USBD_GetString                           0x080054c1   Thumb Code   152  usbd_ctlreq.o(.text.USBD_GetString)
    USBD_Get_USB_Status                      0x08005559   Thumb Code    82  usbd_conf.o(.text.USBD_Get_USB_Status)
    USBD_Init                                0x080055b1   Thumb Code    44  usbd_core.o(.text.USBD_Init)
    USBD_LL_ClearStallEP                     0x080055e1   Thumb Code    58  usbd_conf.o(.text.USBD_LL_ClearStallEP)
    USBD_LL_CloseEP                          0x08005621   Thumb Code    58  usbd_conf.o(.text.USBD_LL_CloseEP)
    USBD_LL_DataInStage                      0x08005661   Thumb Code   176  usbd_core.o(.text.USBD_LL_DataInStage)
    USBD_LL_DataOutStage                     0x08005711   Thumb Code   120  usbd_core.o(.text.USBD_LL_DataOutStage)
    USBD_LL_DevConnected                     0x08005789   Thumb Code     4  usbd_core.o(.text.USBD_LL_DevConnected)
    USBD_LL_DevDisconnected                  0x08005791   Thumb Code    32  usbd_core.o(.text.USBD_LL_DevDisconnected)
    USBD_LL_Init                             0x080057b1   Thumb Code   132  usbd_conf.o(.text.USBD_LL_Init)
    USBD_LL_IsStallEP                        0x08005839   Thumb Code    92  usbd_conf.o(.text.USBD_LL_IsStallEP)
    USBD_LL_IsoINIncomplete                  0x08005899   Thumb Code    38  usbd_core.o(.text.USBD_LL_IsoINIncomplete)
    USBD_LL_IsoOUTIncomplete                 0x080058c1   Thumb Code    38  usbd_core.o(.text.USBD_LL_IsoOUTIncomplete)
    USBD_LL_OpenEP                           0x080058e9   Thumb Code    74  usbd_conf.o(.text.USBD_LL_OpenEP)
    USBD_LL_PrepareReceive                   0x08005939   Thumb Code    66  usbd_conf.o(.text.USBD_LL_PrepareReceive)
    USBD_LL_Reset                            0x08005981   Thumb Code   100  usbd_core.o(.text.USBD_LL_Reset)
    USBD_LL_Resume                           0x080059e9   Thumb Code    20  usbd_core.o(.text.USBD_LL_Resume)
    USBD_LL_SOF                              0x08005a01   Thumb Code    26  usbd_core.o(.text.USBD_LL_SOF)
    USBD_LL_SetSpeed                         0x08005a21   Thumb Code     8  usbd_core.o(.text.USBD_LL_SetSpeed)
    USBD_LL_SetUSBAddress                    0x08005a29   Thumb Code    58  usbd_conf.o(.text.USBD_LL_SetUSBAddress)
    USBD_LL_SetupStage                       0x08005a69   Thumb Code    88  usbd_core.o(.text.USBD_LL_SetupStage)
    USBD_LL_StallEP                          0x08005ac1   Thumb Code    58  usbd_conf.o(.text.USBD_LL_StallEP)
    USBD_LL_Start                            0x08005b01   Thumb Code    50  usbd_conf.o(.text.USBD_LL_Start)
    USBD_LL_Suspend                          0x08005b39   Thumb Code    20  usbd_core.o(.text.USBD_LL_Suspend)
    USBD_LL_Transmit                         0x08005b51   Thumb Code    66  usbd_conf.o(.text.USBD_LL_Transmit)
    USBD_ParseSetupRequest                   0x08005b99   Thumb Code    98  usbd_ctlreq.o(.text.USBD_ParseSetupRequest)
    USBD_RegisterClass                       0x08005c01   Thumb Code    68  usbd_core.o(.text.USBD_RegisterClass)
    USBD_SetClassConfig                      0x08005cd9   Thumb Code    18  usbd_core.o(.text.USBD_SetClassConfig)
    USBD_Start                               0x08005ec1   Thumb Code     8  usbd_core.o(.text.USBD_Start)
    USBD_StdDevReq                           0x08005ec9   Thumb Code   204  usbd_ctlreq.o(.text.USBD_StdDevReq)
    USBD_StdEPReq                            0x08005f99   Thumb Code   940  usbd_ctlreq.o(.text.USBD_StdEPReq)
    USBD_StdItfReq                           0x08006349   Thumb Code   244  usbd_ctlreq.o(.text.USBD_StdItfReq)
    USBD_UVC_DataIn                          0x08006441   Thumb Code   538  usbd_uvc.o(.text.USBD_UVC_DataIn)
    USBD_UVC_DataOut                         0x08006661   Thumb Code    14  usbd_uvc.o(.text.USBD_UVC_DataOut)
    USBD_UVC_DeInit                          0x08006671   Thumb Code    54  usbd_uvc.o(.text.USBD_UVC_DeInit)
    USBD_UVC_EP0_RxReady                     0x080066a9   Thumb Code    10  usbd_uvc.o(.text.USBD_UVC_EP0_RxReady)
    USBD_UVC_GetFSCfgDesc                    0x080066b9   Thumb Code    22  usbd_uvc.o(.text.USBD_UVC_GetFSCfgDesc)
    USBD_UVC_GetHSCfgDesc                    0x080066d1   Thumb Code    22  usbd_uvc.o(.text.USBD_UVC_GetHSCfgDesc)
    USBD_UVC_Init                            0x080066e9   Thumb Code   108  usbd_uvc.o(.text.USBD_UVC_Init)
    USBD_UVC_RegisterCamera                  0x08006759   Thumb Code    36  usbd_uvc.o(.text.USBD_UVC_RegisterCamera)
    USBD_UVC_SOF                             0x08006781   Thumb Code    58  usbd_uvc.o(.text.USBD_UVC_SOF)
    USBD_UVC_Setup                           0x080067c1   Thumb Code   328  usbd_uvc.o(.text.USBD_UVC_Setup)
    USBD_static_free                         0x08006909   Thumb Code     8  usbd_conf.o(.text.USBD_static_free)
    USBD_static_malloc                       0x08006911   Thumb Code    16  usbd_conf.o(.text.USBD_static_malloc)
    USB_ActivateEndpoint                     0x08006921   Thumb Code   222  stm32h7xx_ll_usb.o(.text.USB_ActivateEndpoint)
    USB_ActivateSetup                        0x08006a01   Thumb Code    44  stm32h7xx_ll_usb.o(.text.USB_ActivateSetup)
    USB_CoreInit                             0x08006a31   Thumb Code   274  stm32h7xx_ll_usb.o(.text.USB_CoreInit)
    USB_DeactivateEndpoint                   0x08006bd1   Thumb Code   326  stm32h7xx_ll_usb.o(.text.USB_DeactivateEndpoint)
    USB_DevConnect                           0x08006d19   Thumb Code    42  stm32h7xx_ll_usb.o(.text.USB_DevConnect)
    USB_DevDisconnect                        0x08006d49   Thumb Code    42  stm32h7xx_ll_usb.o(.text.USB_DevDisconnect)
    USB_DevInit                              0x08006d79   Thumb Code   696  stm32h7xx_ll_usb.o(.text.USB_DevInit)
    USB_DisableGlobalInt                     0x08007031   Thumb Code    20  stm32h7xx_ll_usb.o(.text.USB_DisableGlobalInt)
    USB_EP0StartXfer                         0x08007049   Thumb Code   502  stm32h7xx_ll_usb.o(.text.USB_EP0StartXfer)
    USB_EP0_OutStart                         0x08007241   Thumb Code   158  stm32h7xx_ll_usb.o(.text.USB_EP0_OutStart)
    USB_EPClearStall                         0x080072e1   Thumb Code   160  stm32h7xx_ll_usb.o(.text.USB_EPClearStall)
    USB_EPSetStall                           0x08007381   Thumb Code   168  stm32h7xx_ll_usb.o(.text.USB_EPSetStall)
    USB_EPStartXfer                          0x08007429   Thumb Code   872  stm32h7xx_ll_usb.o(.text.USB_EPStartXfer)
    USB_EPStopXfer                           0x08007791   Thumb Code   284  stm32h7xx_ll_usb.o(.text.USB_EPStopXfer)
    USB_EnableGlobalInt                      0x080078b1   Thumb Code    20  stm32h7xx_ll_usb.o(.text.USB_EnableGlobalInt)
    USB_FlushRxFifo                          0x080078c9   Thumb Code   128  stm32h7xx_ll_usb.o(.text.USB_FlushRxFifo)
    USB_FlushTxFifo                          0x08007949   Thumb Code   134  stm32h7xx_ll_usb.o(.text.USB_FlushTxFifo)
    USB_GetDevSpeed                          0x080079d1   Thumb Code    76  stm32h7xx_ll_usb.o(.text.USB_GetDevSpeed)
    USB_GetMode                              0x08007a21   Thumb Code    16  stm32h7xx_ll_usb.o(.text.USB_GetMode)
    USB_ReadDevAllInEpInterrupt              0x08007a31   Thumb Code    36  stm32h7xx_ll_usb.o(.text.USB_ReadDevAllInEpInterrupt)
    USB_ReadDevAllOutEpInterrupt             0x08007a59   Thumb Code    36  stm32h7xx_ll_usb.o(.text.USB_ReadDevAllOutEpInterrupt)
    USB_ReadDevInEPInterrupt                 0x08007a81   Thumb Code    78  stm32h7xx_ll_usb.o(.text.USB_ReadDevInEPInterrupt)
    USB_ReadDevOutEPInterrupt                0x08007ad1   Thumb Code    46  stm32h7xx_ll_usb.o(.text.USB_ReadDevOutEPInterrupt)
    USB_ReadInterrupts                       0x08007b01   Thumb Code    26  stm32h7xx_ll_usb.o(.text.USB_ReadInterrupts)
    USB_ReadPacket                           0x08007b21   Thumb Code   180  stm32h7xx_ll_usb.o(.text.USB_ReadPacket)
    USB_SetCurrentMode                       0x08007bd9   Thumb Code   222  stm32h7xx_ll_usb.o(.text.USB_SetCurrentMode)
    USB_SetDevAddress                        0x08007cb9   Thumb Code    54  stm32h7xx_ll_usb.o(.text.USB_SetDevAddress)
    USB_SetDevSpeed                          0x08007cf1   Thumb Code    34  stm32h7xx_ll_usb.o(.text.USB_SetDevSpeed)
    USB_SetTurnaroundTime                    0x08007d19   Thumb Code   442  stm32h7xx_ll_usb.o(.text.USB_SetTurnaroundTime)
    USB_WritePacket                          0x08007ed9   Thumb Code   130  stm32h7xx_ll_usb.o(.text.USB_WritePacket)
    UVC_Req_GetCurrent                       0x08007f61   Thumb Code    78  usbd_uvc.o(.text.UVC_Req_GetCurrent)
    UVC_Req_SetCurrent                       0x08007fb1   Thumb Code    88  usbd_uvc.o(.text.UVC_Req_SetCurrent)
    UsageFault_Handler                       0x08008009   Thumb Code     4  stm32h7xx_it.o(.text.UsageFault_Handler)
    main                                     0x080080d9   Thumb Code    32  main.o(.text.main)
    __scatterload_copy                       0x080080f9   Thumb Code    14  handlers.o(i.__scatterload_copy)
    __scatterload_null                       0x08008107   Thumb Code     2  handlers.o(i.__scatterload_null)
    __scatterload_zeroinit                   0x08008109   Thumb Code    14  handlers.o(i.__scatterload_zeroinit)
    D1CorePrescTable                         0x08008116   Data          16  system_stm32h7xx.o(.rodata.D1CorePrescTable)
    Region$$Table$$Base                      0x08008168   Number         0  anon$$obj.o(Region$$Table)
    Region$$Table$$Limit                     0x08008188   Number         0  anon$$obj.o(Region$$Table)
    FS_Desc                                  0x24000000   Data          28  usbd_desc.o(.data.FS_Desc)
    SystemCoreClock                          0x2400001c   Data           4  system_stm32h7xx.o(.data.SystemCoreClock)
    SystemD2Clock                            0x24000020   Data           4  system_stm32h7xx.o(.data.SystemD2Clock)
    USBD_FS_DeviceDesc                       0x24000024   Data          18  usbd_desc.o(.data.USBD_FS_DeviceDesc)
    USBD_LangIDDesc                          0x24000038   Data           4  usbd_desc.o(.data.USBD_LangIDDesc)
    USBD_StringSerial                        0x2400003c   Data          26  usbd_desc.o(.data.USBD_StringSerial)
    USBD_UVC                                 0x24000058   Data          56  usbd_uvc.o(.data.USBD_UVC)
    USBD_UVC_Camera                          0x24000090   Data          16  usbd_uvc_if.o(.data.USBD_UVC_Camera)
    USBD_UVC_CfgFSDesc                       0x240000a0   Data         167  usbd_uvc.o(.data.USBD_UVC_CfgFSDesc)
    pic                                      0x24000148   Data       38400  usbd_uvc_if.o(.data.pic)
    uwTickFreq                               0x24009748   Data           1  stm32h7xx_hal.o(.data.uwTickFreq)
    uwTickPrio                               0x2400974c   Data           4  stm32h7xx_hal.o(.data.uwTickPrio)
    videoCommitControl                       0x24009750   Data          34  usbd_uvc.o(.data.videoCommitControl)
    videoProbeControl                        0x24009772   Data          34  usbd_uvc.o(.data.videoProbeControl)
    USBD_StrDesc                             0x2400979c   Data         512  usbd_desc.o(.bss.USBD_StrDesc)
    hUsbDeviceFS                             0x24009bbc   Data         732  usb_device.o(.bss.hUsbDeviceFS)
    hpcd_USB_OTG_FS                          0x24009e98   Data        1292  usbd_conf.o(.bss.hpcd_USB_OTG_FS)
    huvc                                     0x2400a3a4   Data           4  usbd_uvc.o(.bss.huvc)
    uwTick                                   0x2400a3a8   Data           4  stm32h7xx_hal.o(.bss.uwTick)
    __initial_sp                             0x2400a7b0   Data           0  startup_stm32h750xx.o(STACK)



==============================================================================

Memory Map of the image

  Image Entry point : 0x08000299

  Load Region LR_IROM1 (Base: 0x08000000, Size: 0x00011920, Max: 0x00020000, ABSOLUTE, COMPRESSED[0x0000ff58])

    Execution Region ER_IROM1 (Exec base: 0x08000000, Load base: 0x08000000, Size: 0x00008188, Max: 0x00020000, ABSOLUTE)

    Exec Addr    Load Addr    Size         Type   Attr      Idx    E Section Name        Object

    0x08000000   0x08000000   0x00000298   Data   RO            3    RESET               startup_stm32h750xx.o
    0x08000298   0x08000298   0x00000000   Code   RO         1523  * .ARM.Collect$$$$00000000  mc_w.l(entry.o)
    0x08000298   0x08000298   0x00000004   Code   RO         1528    .ARM.Collect$$$$00000001  mc_w.l(entry2.o)
    0x0800029c   0x0800029c   0x00000004   Code   RO         1531    .ARM.Collect$$$$00000004  mc_w.l(entry5.o)
    0x080002a0   0x080002a0   0x00000000   Code   RO         1533    .ARM.Collect$$$$00000008  mc_w.l(entry7b.o)
    0x080002a0   0x080002a0   0x00000000   Code   RO         1535    .ARM.Collect$$$$0000000A  mc_w.l(entry8b.o)
    0x080002a0   0x080002a0   0x00000008   Code   RO         1536    .ARM.Collect$$$$0000000B  mc_w.l(entry9a.o)
    0x080002a8   0x080002a8   0x00000000   Code   RO         1538    .ARM.Collect$$$$0000000D  mc_w.l(entry10a.o)
    0x080002a8   0x080002a8   0x00000000   Code   RO         1540    .ARM.Collect$$$$0000000F  mc_w.l(entry11a.o)
    0x080002a8   0x080002a8   0x00000004   Code   RO         1529    .ARM.Collect$$$$00002712  mc_w.l(entry2.o)
    0x080002ac   0x080002ac   0x00000024   Code   RO            4    .text               startup_stm32h750xx.o
    0x080002d0   0x080002d0   0x00000024   Code   RO         1526    .text               mc_w.l(memseta.o)
    0x080002f4   0x080002f4   0x00000024   Code   RO         1542    .text               mc_w.l(init.o)
    0x08000318   0x08000318   0x0000005e   Code   RO         1552    .text               mc_w.l(__dclz77c.o)
    0x08000376   0x08000376   0x00000002   PAD
    0x08000378   0x08000378   0x00000004   Code   RO           41    .text.BusFault_Handler  stm32h7xx_it.o
    0x0800037c   0x0800037c   0x00000004   PAD
    0x08000380   0x08000380   0x00000008   Code   RO          138    .text.Camera_FreeFrame  usbd_uvc_if.o
    0x08000388   0x08000388   0x00000018   Code   RO          136    .text.Camera_GetFrame  usbd_uvc_if.o
    0x080003a0   0x080003a0   0x00000002   Code   RO          134    .text.Camera_Off    usbd_uvc_if.o
    0x080003a2   0x080003a2   0x00000006   PAD
    0x080003a8   0x080003a8   0x00000002   Code   RO          132    .text.Camera_On     usbd_uvc_if.o
    0x080003aa   0x080003aa   0x00000006   PAD
    0x080003b0   0x080003b0   0x00000002   Code   RO           47    .text.DebugMon_Handler  stm32h7xx_it.o
    0x080003b2   0x080003b2   0x00000006   PAD
    0x080003b8   0x080003b8   0x0000000e   Code   RO           17    .text.Error_Handler  main.o
    0x080003c6   0x080003c6   0x00000002   PAD
    0x080003c8   0x080003c8   0x0000005c   Code   RO           93    .text.Get_SerialNum  usbd_desc.o
    0x08000424   0x08000424   0x00000004   PAD
    0x08000428   0x08000428   0x00000042   Code   RO         1015    .text.HAL_Delay     stm32h7xx_hal.o
    0x0800046a   0x0800046a   0x00000006   PAD
    0x08000470   0x08000470   0x000003c4   Code   RO          626    .text.HAL_GPIO_Init  stm32h7xx_hal_gpio.o
    0x08000834   0x08000834   0x00000004   PAD
    0x08000838   0x08000838   0x0000000e   Code   RO         1023    .text.HAL_GetREVID  stm32h7xx_hal.o
    0x08000846   0x08000846   0x00000002   PAD
    0x08000848   0x08000848   0x0000000c   Code   RO         1007    .text.HAL_GetTick   stm32h7xx_hal.o
    0x08000854   0x08000854   0x00000004   PAD
    0x08000858   0x08000858   0x0000001a   Code   RO         1005    .text.HAL_IncTick   stm32h7xx_hal.o
    0x08000872   0x08000872   0x00000006   PAD
    0x08000878   0x08000878   0x0000007a   Code   RO          995    .text.HAL_Init      stm32h7xx_hal.o
    0x080008f2   0x080008f2   0x00000006   PAD
    0x080008f8   0x080008f8   0x00000086   Code   RO          997    .text.HAL_InitTick  stm32h7xx_hal.o
    0x0800097e   0x0800097e   0x00000002   PAD
    0x08000980   0x08000980   0x0000009e   Code   RO          954    .text.HAL_MPU_ConfigRegion  stm32h7xx_hal_cortex.o
    0x08000a1e   0x08000a1e   0x00000002   PAD
    0x08000a20   0x08000a20   0x00000022   Code   RO          950    .text.HAL_MPU_Disable  stm32h7xx_hal_cortex.o
    0x08000a42   0x08000a42   0x00000006   PAD
    0x08000a48   0x08000a48   0x00000030   Code   RO          952    .text.HAL_MPU_Enable  stm32h7xx_hal_cortex.o
    0x08000a78   0x08000a78   0x00000024   Code   RO           62    .text.HAL_MspInit   stm32h7xx_hal_msp.o
    0x08000a9c   0x08000a9c   0x00000004   PAD
    0x08000aa0   0x08000aa0   0x00000014   Code   RO          934    .text.HAL_NVIC_EnableIRQ  stm32h7xx_hal_cortex.o
    0x08000ab4   0x08000ab4   0x00000004   PAD
    0x08000ab8   0x08000ab8   0x0000002e   Code   RO          926    .text.HAL_NVIC_SetPriority  stm32h7xx_hal_cortex.o
    0x08000ae6   0x08000ae6   0x00000002   PAD
    0x08000ae8   0x08000ae8   0x00000010   Code   RO          922    .text.HAL_NVIC_SetPriorityGrouping  stm32h7xx_hal_cortex.o
    0x08000af8   0x08000af8   0x00000036   Code   RO          307    .text.HAL_PCDEx_ActivateLPM  stm32h7xx_hal_pcd_ex.o
    0x08000b2e   0x08000b2e   0x00000002   PAD
    0x08000b30   0x08000b30   0x0000000c   Code   RO          319    .text.HAL_PCDEx_LPM_Callback  stm32h7xx_hal_pcd_ex.o
    0x08000b3c   0x08000b3c   0x00000004   PAD
    0x08000b40   0x08000b40   0x00000018   Code   RO          305    .text.HAL_PCDEx_SetRxFiFo  stm32h7xx_hal_pcd_ex.o
    0x08000b58   0x08000b58   0x0000009c   Code   RO          303    .text.HAL_PCDEx_SetTxFiFo  stm32h7xx_hal_pcd_ex.o
    0x08000bf4   0x08000bf4   0x00000004   PAD
    0x08000bf8   0x08000bf8   0x00000014   Code   RO          173    .text.HAL_PCD_ConnectCallback  usbd_conf.o
    0x08000c0c   0x08000c0c   0x00000004   PAD
    0x08000c10   0x08000c10   0x00000026   Code   RO          159    .text.HAL_PCD_DataInStageCallback  usbd_conf.o
    0x08000c36   0x08000c36   0x00000002   PAD
    0x08000c38   0x08000c38   0x00000028   Code   RO          157    .text.HAL_PCD_DataOutStageCallback  usbd_conf.o
    0x08000c60   0x08000c60   0x00000014   Code   RO          175    .text.HAL_PCD_DisconnectCallback  usbd_conf.o
    0x08000c74   0x08000c74   0x00000004   PAD
    0x08000c78   0x08000c78   0x0000005e   Code   RO          256    .text.HAL_PCD_EP_Abort  stm32h7xx_hal_pcd.o
    0x08000cd6   0x08000cd6   0x00000002   PAD
    0x08000cd8   0x08000cd8   0x000000a8   Code   RO          274    .text.HAL_PCD_EP_Close  stm32h7xx_hal_pcd.o
    0x08000d80   0x08000d80   0x000000c8   Code   RO          284    .text.HAL_PCD_EP_ClrStall  stm32h7xx_hal_pcd.o
    0x08000e48   0x08000e48   0x000000ea   Code   RO          272    .text.HAL_PCD_EP_Open  stm32h7xx_hal_pcd.o
    0x08000f32   0x08000f32   0x00000006   PAD
    0x08000f38   0x08000f38   0x00000086   Code   RO          276    .text.HAL_PCD_EP_Receive  stm32h7xx_hal_pcd.o
    0x08000fbe   0x08000fbe   0x00000002   PAD
    0x08000fc0   0x08000fc0   0x000000de   Code   RO          282    .text.HAL_PCD_EP_SetStall  stm32h7xx_hal_pcd.o
    0x0800109e   0x0800109e   0x00000002   PAD
    0x080010a0   0x080010a0   0x00000086   Code   RO          280    .text.HAL_PCD_EP_Transmit  stm32h7xx_hal_pcd.o
    0x08001126   0x08001126   0x00000002   PAD
    0x08001128   0x08001128   0x000007a0   Code   RO          234    .text.HAL_PCD_IRQHandler  stm32h7xx_hal_pcd.o
    0x080018c8   0x080018c8   0x0000001c   Code   RO          171    .text.HAL_PCD_ISOINIncompleteCallback  usbd_conf.o
    0x080018e4   0x080018e4   0x00000004   PAD
    0x080018e8   0x080018e8   0x0000001c   Code   RO          169    .text.HAL_PCD_ISOOUTIncompleteCallback  usbd_conf.o
    0x08001904   0x08001904   0x00000004   PAD
    0x08001908   0x08001908   0x000002c4   Code   RO          222    .text.HAL_PCD_Init  stm32h7xx_hal_pcd.o
    0x08001bcc   0x08001bcc   0x00000004   PAD
    0x08001bd0   0x08001bd0   0x000000be   Code   RO          151    .text.HAL_PCD_MspInit  usbd_conf.o
    0x08001c8e   0x08001c8e   0x00000002   PAD
    0x08001c90   0x08001c90   0x00000052   Code   RO          163    .text.HAL_PCD_ResetCallback  usbd_conf.o
    0x08001ce2   0x08001ce2   0x00000006   PAD
    0x08001ce8   0x08001ce8   0x00000014   Code   RO          167    .text.HAL_PCD_ResumeCallback  usbd_conf.o
    0x08001cfc   0x08001cfc   0x00000004   PAD
    0x08001d00   0x08001d00   0x00000014   Code   RO          161    .text.HAL_PCD_SOFCallback  usbd_conf.o
    0x08001d14   0x08001d14   0x00000004   PAD
    0x08001d18   0x08001d18   0x0000005e   Code   RO          270    .text.HAL_PCD_SetAddress  stm32h7xx_hal_pcd.o
    0x08001d76   0x08001d76   0x00000002   PAD
    0x08001d78   0x08001d78   0x00000018   Code   RO          155    .text.HAL_PCD_SetupStageCallback  usbd_conf.o
    0x08001d90   0x08001d90   0x0000007a   Code   RO          230    .text.HAL_PCD_Start  stm32h7xx_hal_pcd.o
    0x08001e0a   0x08001e0a   0x00000006   PAD
    0x08001e10   0x08001e10   0x0000003e   Code   RO          165    .text.HAL_PCD_SuspendCallback  usbd_conf.o
    0x08001e4e   0x08001e4e   0x00000002   PAD
    0x08001e50   0x08001e50   0x000000a2   Code   RO          835    .text.HAL_PWREx_ConfigSupply  stm32h7xx_hal_pwr_ex.o
    0x08001ef2   0x08001ef2   0x00000006   PAD
    0x08001ef8   0x08001ef8   0x00000012   Code   RO          889    .text.HAL_PWREx_EnableUSBVoltageDetector  stm32h7xx_hal_pwr_ex.o
    0x08001f0a   0x08001f0a   0x00000006   PAD
    0x08001f10   0x08001f10   0x00000f7e   Code   RO          468    .text.HAL_RCCEx_PeriphCLKConfig  stm32h7xx_hal_rcc_ex.o
    0x08002e8e   0x08002e8e   0x00000002   PAD
    0x08002e90   0x08002e90   0x00000498   Code   RO          437    .text.HAL_RCC_ClockConfig  stm32h7xx_hal_rcc.o
    0x08003328   0x08003328   0x00000056   Code   RO          447    .text.HAL_RCC_GetHCLKFreq  stm32h7xx_hal_rcc.o
    0x0800337e   0x0800337e   0x00000002   PAD
    0x08003380   0x08003380   0x00000310   Code   RO          439    .text.HAL_RCC_GetSysClockFreq  stm32h7xx_hal_rcc.o
    0x08003690   0x08003690   0x00000ae6   Code   RO          435    .text.HAL_RCC_OscConfig  stm32h7xx_hal_rcc.o
    0x08004176   0x08004176   0x00000002   PAD
    0x08004178   0x08004178   0x00000010   Code   RO          946    .text.HAL_SYSTICK_Config  stm32h7xx_hal_cortex.o
    0x08004188   0x08004188   0x00000004   Code   RO           37    .text.HardFault_Handler  stm32h7xx_it.o
    0x0800418c   0x0800418c   0x00000004   PAD
    0x08004190   0x08004190   0x00000076   Code   RO           95    .text.IntToUnicode  usbd_desc.o
    0x08004206   0x08004206   0x00000002   PAD
    0x08004208   0x08004208   0x00000056   Code   RO           13    .text.MPU_Config    main.o
    0x0800425e   0x0800425e   0x00000002   PAD
    0x08004260   0x08004260   0x00000042   Code   RO           27    .text.MX_GPIO_Init  gpio.o
    0x080042a2   0x080042a2   0x00000006   PAD
    0x080042a8   0x080042a8   0x0000007a   Code   RO           70    .text.MX_USB_DEVICE_Init  usb_device.o
    0x08004322   0x08004322   0x00000006   PAD
    0x08004328   0x08004328   0x00000004   Code   RO           39    .text.MemManage_Handler  stm32h7xx_it.o
    0x0800432c   0x0800432c   0x00000004   PAD
    0x08004330   0x08004330   0x00000004   Code   RO           35    .text.NMI_Handler   stm32h7xx_it.o
    0x08004334   0x08004334   0x00000004   PAD
    0x08004338   0x08004338   0x0000006c   Code   RO          932    .text.NVIC_EncodePriority  stm32h7xx_hal_cortex.o
    0x080043a4   0x080043a4   0x00000004   PAD
    0x080043a8   0x080043a8   0x00000010   Code   RO           53    .text.OTG_FS_IRQHandler  stm32h7xx_it.o
    0x080043b8   0x080043b8   0x0000008a   Code   RO          238    .text.PCD_EP_OutSetupPacket_int  stm32h7xx_hal_pcd.o
    0x08004442   0x08004442   0x00000006   PAD
    0x08004448   0x08004448   0x000001c8   Code   RO          236    .text.PCD_EP_OutXfrComplete_int  stm32h7xx_hal_pcd.o
    0x08004610   0x08004610   0x00000132   Code   RO          246    .text.PCD_WriteEmptyTxFifo  stm32h7xx_hal_pcd.o
    0x08004742   0x08004742   0x00000006   PAD
    0x08004748   0x08004748   0x00000002   Code   RO           49    .text.PendSV_Handler  stm32h7xx_it.o
    0x0800474a   0x0800474a   0x00000006   PAD
    0x08004750   0x08004750   0x000001ca   Code   RO          470    .text.RCCEx_PLL2_Config  stm32h7xx_hal_rcc_ex.o
    0x0800491a   0x0800491a   0x00000006   PAD
    0x08004920   0x08004920   0x000001ca   Code   RO          472    .text.RCCEx_PLL3_Config  stm32h7xx_hal_rcc_ex.o
    0x08004aea   0x08004aea   0x00000006   PAD
    0x08004af0   0x08004af0   0x00000002   Code   RO           45    .text.SVC_Handler   stm32h7xx_it.o
    0x08004af2   0x08004af2   0x00000006   PAD
    0x08004af8   0x08004af8   0x00000036   Code   RO         1406    .text.SWAPBYTE      usbd_ctlreq.o
    0x08004b2e   0x08004b2e   0x00000002   PAD
    0x08004b30   0x08004b30   0x00000052   Code   RO          948    .text.SysTick_Config  stm32h7xx_hal_cortex.o
    0x08004b82   0x08004b82   0x00000006   PAD
    0x08004b88   0x08004b88   0x00000008   Code   RO           51    .text.SysTick_Handler  stm32h7xx_it.o
    0x08004b90   0x08004b90   0x000000ea   Code   RO           15    .text.SystemClock_Config  main.o
    0x08004c7a   0x08004c7a   0x00000006   PAD
    0x08004c80   0x08004c80   0x00000160   Code   RO         1312    .text.SystemInit    system_stm32h7xx.o
    0x08004de0   0x08004de0   0x00000012   Code   RO         1340    .text.USBD_ClrClassConfig  usbd_core.o
    0x08004df2   0x08004df2   0x00000006   PAD
    0x08004df8   0x08004df8   0x00000040   Code   RO         1396    .text.USBD_ClrFeature  usbd_ctlreq.o
    0x08004e38   0x08004e38   0x00000004   Code   RO         1348    .text.USBD_CoreFindEP  usbd_core.o
    0x08004e3c   0x08004e3c   0x00000004   PAD
    0x08004e40   0x08004e40   0x00000004   Code   RO         1346    .text.USBD_CoreFindIF  usbd_core.o
    0x08004e44   0x08004e44   0x00000004   PAD
    0x08004e48   0x08004e48   0x0000001e   Code   RO         1426    .text.USBD_CtlContinueRx  usbd_ioreq.o
    0x08004e66   0x08004e66   0x00000002   PAD
    0x08004e68   0x08004e68   0x0000001e   Code   RO         1422    .text.USBD_CtlContinueSendData  usbd_ioreq.o
    0x08004e86   0x08004e86   0x00000002   PAD
    0x08004e88   0x08004e88   0x0000001c   Code   RO         1398    .text.USBD_CtlError  usbd_ctlreq.o
    0x08004ea4   0x08004ea4   0x00000004   PAD
    0x08004ea8   0x08004ea8   0x00000036   Code   RO         1424    .text.USBD_CtlPrepareRx  usbd_ioreq.o
    0x08004ede   0x08004ede   0x00000002   PAD
    0x08004ee0   0x08004ee0   0x00000022   Code   RO         1430    .text.USBD_CtlReceiveStatus  usbd_ioreq.o
    0x08004f02   0x08004f02   0x00000006   PAD
    0x08004f08   0x08004f08   0x00000032   Code   RO         1420    .text.USBD_CtlSendData  usbd_ioreq.o
    0x08004f3a   0x08004f3a   0x00000006   PAD
    0x08004f40   0x08004f40   0x00000022   Code   RO         1428    .text.USBD_CtlSendStatus  usbd_ioreq.o
    0x08004f62   0x08004f62   0x00000006   PAD
    0x08004f68   0x08004f68   0x0000004e   Code   RO           89    .text.USBD_FS_ConfigStrDescriptor  usbd_desc.o
    0x08004fb6   0x08004fb6   0x00000002   PAD
    0x08004fb8   0x08004fb8   0x0000001a   Code   RO           79    .text.USBD_FS_DeviceDescriptor  usbd_desc.o
    0x08004fd2   0x08004fd2   0x00000006   PAD
    0x08004fd8   0x08004fd8   0x0000004e   Code   RO           91    .text.USBD_FS_InterfaceStrDescriptor  usbd_desc.o
    0x08005026   0x08005026   0x00000002   PAD
    0x08005028   0x08005028   0x0000001a   Code   RO           81    .text.USBD_FS_LangIDStrDescriptor  usbd_desc.o
    0x08005042   0x08005042   0x00000006   PAD
    0x08005048   0x08005048   0x00000028   Code   RO           83    .text.USBD_FS_ManufacturerStrDescriptor  usbd_desc.o
    0x08005070   0x08005070   0x0000004e   Code   RO           85    .text.USBD_FS_ProductStrDescriptor  usbd_desc.o
    0x080050be   0x080050be   0x00000002   PAD
    0x080050c0   0x080050c0   0x00000020   Code   RO           87    .text.USBD_FS_SerialStrDescriptor  usbd_desc.o
    0x080050e0   0x080050e0   0x00000064   Code   RO         1390    .text.USBD_GetConfig  usbd_ctlreq.o
    0x08005144   0x08005144   0x00000004   PAD
    0x08005148   0x08005148   0x000002d8   Code   RO         1384    .text.USBD_GetDescriptor  usbd_ctlreq.o
    0x08005420   0x08005420   0x00000032   Code   RO         1410    .text.USBD_GetLen   usbd_ctlreq.o
    0x08005452   0x08005452   0x00000006   PAD
    0x08005458   0x08005458   0x00000062   Code   RO         1392    .text.USBD_GetStatus  usbd_ctlreq.o
    0x080054ba   0x080054ba   0x00000006   PAD
    0x080054c0   0x080054c0   0x00000098   Code   RO         1408    .text.USBD_GetString  usbd_ctlreq.o
    0x08005558   0x08005558   0x00000052   Code   RO          181    .text.USBD_Get_USB_Status  usbd_conf.o
    0x080055aa   0x080055aa   0x00000006   PAD
    0x080055b0   0x080055b0   0x0000002c   Code   RO         1326    .text.USBD_Init     usbd_core.o
    0x080055dc   0x080055dc   0x00000004   PAD
    0x080055e0   0x080055e0   0x0000003a   Code   RO          195    .text.USBD_LL_ClearStallEP  usbd_conf.o
    0x0800561a   0x0800561a   0x00000006   PAD
    0x08005620   0x08005620   0x0000003a   Code   RO          189    .text.USBD_LL_CloseEP  usbd_conf.o
    0x0800565a   0x0800565a   0x00000006   PAD
    0x08005660   0x08005660   0x000000b0   Code   RO         1350    .text.USBD_LL_DataInStage  usbd_core.o
    0x08005710   0x08005710   0x00000078   Code   RO         1344    .text.USBD_LL_DataOutStage  usbd_core.o
    0x08005788   0x08005788   0x00000004   Code   RO         1366    .text.USBD_LL_DevConnected  usbd_core.o
    0x0800578c   0x0800578c   0x00000004   PAD
    0x08005790   0x08005790   0x00000020   Code   RO         1368    .text.USBD_LL_DevDisconnected  usbd_core.o
    0x080057b0   0x080057b0   0x00000084   Code   RO          177    .text.USBD_LL_Init  usbd_conf.o
    0x08005834   0x08005834   0x00000004   PAD
    0x08005838   0x08005838   0x0000005c   Code   RO          197    .text.USBD_LL_IsStallEP  usbd_conf.o
    0x08005894   0x08005894   0x00000004   PAD
    0x08005898   0x08005898   0x00000026   Code   RO         1362    .text.USBD_LL_IsoINIncomplete  usbd_core.o
    0x080058be   0x080058be   0x00000002   PAD
    0x080058c0   0x080058c0   0x00000026   Code   RO         1364    .text.USBD_LL_IsoOUTIncomplete  usbd_core.o
    0x080058e6   0x080058e6   0x00000002   PAD
    0x080058e8   0x080058e8   0x0000004a   Code   RO          187    .text.USBD_LL_OpenEP  usbd_conf.o
    0x08005932   0x08005932   0x00000006   PAD
    0x08005938   0x08005938   0x00000042   Code   RO          203    .text.USBD_LL_PrepareReceive  usbd_conf.o
    0x0800597a   0x0800597a   0x00000006   PAD
    0x08005980   0x08005980   0x00000064   Code   RO         1352    .text.USBD_LL_Reset  usbd_core.o
    0x080059e4   0x080059e4   0x00000004   PAD
    0x080059e8   0x080059e8   0x00000014   Code   RO         1358    .text.USBD_LL_Resume  usbd_core.o
    0x080059fc   0x080059fc   0x00000004   PAD
    0x08005a00   0x08005a00   0x0000001a   Code   RO         1360    .text.USBD_LL_SOF   usbd_core.o
    0x08005a1a   0x08005a1a   0x00000006   PAD
    0x08005a20   0x08005a20   0x00000008   Code   RO         1354    .text.USBD_LL_SetSpeed  usbd_core.o
    0x08005a28   0x08005a28   0x0000003a   Code   RO          199    .text.USBD_LL_SetUSBAddress  usbd_conf.o
    0x08005a62   0x08005a62   0x00000006   PAD
    0x08005a68   0x08005a68   0x00000058   Code   RO         1342    .text.USBD_LL_SetupStage  usbd_core.o
    0x08005ac0   0x08005ac0   0x0000003a   Code   RO          193    .text.USBD_LL_StallEP  usbd_conf.o
    0x08005afa   0x08005afa   0x00000006   PAD
    0x08005b00   0x08005b00   0x00000032   Code   RO          183    .text.USBD_LL_Start  usbd_conf.o
    0x08005b32   0x08005b32   0x00000006   PAD
    0x08005b38   0x08005b38   0x00000014   Code   RO         1356    .text.USBD_LL_Suspend  usbd_core.o
    0x08005b4c   0x08005b4c   0x00000004   PAD
    0x08005b50   0x08005b50   0x00000042   Code   RO          201    .text.USBD_LL_Transmit  usbd_conf.o
    0x08005b92   0x08005b92   0x00000006   PAD
    0x08005b98   0x08005b98   0x00000062   Code   RO         1404    .text.USBD_ParseSetupRequest  usbd_ctlreq.o
    0x08005bfa   0x08005bfa   0x00000006   PAD
    0x08005c00   0x08005c00   0x00000044   Code   RO         1330    .text.USBD_RegisterClass  usbd_core.o
    0x08005c44   0x08005c44   0x00000004   PAD
    0x08005c48   0x08005c48   0x0000008c   Code   RO         1386    .text.USBD_SetAddress  usbd_ctlreq.o
    0x08005cd4   0x08005cd4   0x00000004   PAD
    0x08005cd8   0x08005cd8   0x00000012   Code   RO         1338    .text.USBD_SetClassConfig  usbd_core.o
    0x08005cea   0x08005cea   0x00000006   PAD
    0x08005cf0   0x08005cf0   0x0000017e   Code   RO         1388    .text.USBD_SetConfig  usbd_ctlreq.o
    0x08005e6e   0x08005e6e   0x00000002   PAD
    0x08005e70   0x08005e70   0x0000004e   Code   RO         1394    .text.USBD_SetFeature  usbd_ctlreq.o
    0x08005ebe   0x08005ebe   0x00000002   PAD
    0x08005ec0   0x08005ec0   0x00000008   Code   RO         1332    .text.USBD_Start    usbd_core.o
    0x08005ec8   0x08005ec8   0x000000cc   Code   RO         1382    .text.USBD_StdDevReq  usbd_ctlreq.o
    0x08005f94   0x08005f94   0x00000004   PAD
    0x08005f98   0x08005f98   0x000003ac   Code   RO         1402    .text.USBD_StdEPReq  usbd_ctlreq.o
    0x08006344   0x08006344   0x00000004   PAD
    0x08006348   0x08006348   0x000000f4   Code   RO         1400    .text.USBD_StdItfReq  usbd_ctlreq.o
    0x0800643c   0x0800643c   0x00000004   PAD
    0x08006440   0x08006440   0x0000021a   Code   RO         1492    .text.USBD_UVC_DataIn  usbd_uvc.o
    0x0800665a   0x0800665a   0x00000006   PAD
    0x08006660   0x08006660   0x0000000e   Code   RO         1494    .text.USBD_UVC_DataOut  usbd_uvc.o
    0x0800666e   0x0800666e   0x00000002   PAD
    0x08006670   0x08006670   0x00000036   Code   RO         1486    .text.USBD_UVC_DeInit  usbd_uvc.o
    0x080066a6   0x080066a6   0x00000002   PAD
    0x080066a8   0x080066a8   0x0000000a   Code   RO         1490    .text.USBD_UVC_EP0_RxReady  usbd_uvc.o
    0x080066b2   0x080066b2   0x00000006   PAD
    0x080066b8   0x080066b8   0x00000016   Code   RO         1500    .text.USBD_UVC_GetFSCfgDesc  usbd_uvc.o
    0x080066ce   0x080066ce   0x00000002   PAD
    0x080066d0   0x080066d0   0x00000016   Code   RO         1498    .text.USBD_UVC_GetHSCfgDesc  usbd_uvc.o
    0x080066e6   0x080066e6   0x00000002   PAD
    0x080066e8   0x080066e8   0x0000006c   Code   RO         1484    .text.USBD_UVC_Init  usbd_uvc.o
    0x08006754   0x08006754   0x00000004   PAD
    0x08006758   0x08006758   0x00000024   Code   RO         1502    .text.USBD_UVC_RegisterCamera  usbd_uvc.o
    0x0800677c   0x0800677c   0x00000004   PAD
    0x08006780   0x08006780   0x0000003a   Code   RO         1496    .text.USBD_UVC_SOF  usbd_uvc.o
    0x080067ba   0x080067ba   0x00000006   PAD
    0x080067c0   0x080067c0   0x00000148   Code   RO         1488    .text.USBD_UVC_Setup  usbd_uvc.o
    0x08006908   0x08006908   0x00000008   Code   RO          209    .text.USBD_static_free  usbd_conf.o
    0x08006910   0x08006910   0x00000010   Code   RO          207    .text.USBD_static_malloc  usbd_conf.o
    0x08006920   0x08006920   0x000000de   Code   RO          352    .text.USB_ActivateEndpoint  stm32h7xx_ll_usb.o
    0x080069fe   0x080069fe   0x00000002   PAD
    0x08006a00   0x08006a00   0x0000002c   Code   RO          394    .text.USB_ActivateSetup  stm32h7xx_ll_usb.o
    0x08006a2c   0x08006a2c   0x00000004   PAD
    0x08006a30   0x08006a30   0x00000112   Code   RO          328    .text.USB_CoreInit  stm32h7xx_ll_usb.o
    0x08006b42   0x08006b42   0x00000006   PAD
    0x08006b48   0x08006b48   0x00000082   Code   RO          330    .text.USB_CoreReset  stm32h7xx_ll_usb.o
    0x08006bca   0x08006bca   0x00000006   PAD
    0x08006bd0   0x08006bd0   0x00000146   Code   RO          356    .text.USB_DeactivateEndpoint  stm32h7xx_ll_usb.o
    0x08006d16   0x08006d16   0x00000002   PAD
    0x08006d18   0x08006d18   0x0000002a   Code   RO          378    .text.USB_DevConnect  stm32h7xx_ll_usb.o
    0x08006d42   0x08006d42   0x00000006   PAD
    0x08006d48   0x08006d48   0x0000002a   Code   RO          380    .text.USB_DevDisconnect  stm32h7xx_ll_usb.o
    0x08006d72   0x08006d72   0x00000006   PAD
    0x08006d78   0x08006d78   0x000002b8   Code   RO          342    .text.USB_DevInit   stm32h7xx_ll_usb.o
    0x08007030   0x08007030   0x00000014   Code   RO          336    .text.USB_DisableGlobalInt  stm32h7xx_ll_usb.o
    0x08007044   0x08007044   0x00000004   PAD
    0x08007048   0x08007048   0x000001f6   Code   RO          364    .text.USB_EP0StartXfer  stm32h7xx_ll_usb.o
    0x0800723e   0x0800723e   0x00000002   PAD
    0x08007240   0x08007240   0x0000009e   Code   RO          396    .text.USB_EP0_OutStart  stm32h7xx_ll_usb.o
    0x080072de   0x080072de   0x00000002   PAD
    0x080072e0   0x080072e0   0x000000a0   Code   RO          372    .text.USB_EPClearStall  stm32h7xx_ll_usb.o
    0x08007380   0x08007380   0x000000a8   Code   RO          370    .text.USB_EPSetStall  stm32h7xx_ll_usb.o
    0x08007428   0x08007428   0x00000368   Code   RO          360    .text.USB_EPStartXfer  stm32h7xx_ll_usb.o
    0x08007790   0x08007790   0x0000011c   Code   RO          366    .text.USB_EPStopXfer  stm32h7xx_ll_usb.o
    0x080078ac   0x080078ac   0x00000004   PAD
    0x080078b0   0x080078b0   0x00000014   Code   RO          334    .text.USB_EnableGlobalInt  stm32h7xx_ll_usb.o
    0x080078c4   0x080078c4   0x00000004   PAD
    0x080078c8   0x080078c8   0x00000080   Code   RO          348    .text.USB_FlushRxFifo  stm32h7xx_ll_usb.o
    0x08007948   0x08007948   0x00000086   Code   RO          346    .text.USB_FlushTxFifo  stm32h7xx_ll_usb.o
    0x080079ce   0x080079ce   0x00000002   PAD
    0x080079d0   0x080079d0   0x0000004c   Code   RO          350    .text.USB_GetDevSpeed  stm32h7xx_ll_usb.o
    0x08007a1c   0x08007a1c   0x00000004   PAD
    0x08007a20   0x08007a20   0x00000010   Code   RO          340    .text.USB_GetMode   stm32h7xx_ll_usb.o
    0x08007a30   0x08007a30   0x00000024   Code   RO          386    .text.USB_ReadDevAllInEpInterrupt  stm32h7xx_ll_usb.o
    0x08007a54   0x08007a54   0x00000004   PAD
    0x08007a58   0x08007a58   0x00000024   Code   RO          384    .text.USB_ReadDevAllOutEpInterrupt  stm32h7xx_ll_usb.o
    0x08007a7c   0x08007a7c   0x00000004   PAD
    0x08007a80   0x08007a80   0x0000004e   Code   RO          390    .text.USB_ReadDevInEPInterrupt  stm32h7xx_ll_usb.o
    0x08007ace   0x08007ace   0x00000002   PAD
    0x08007ad0   0x08007ad0   0x0000002e   Code   RO          388    .text.USB_ReadDevOutEPInterrupt  stm32h7xx_ll_usb.o
    0x08007afe   0x08007afe   0x00000002   PAD
    0x08007b00   0x08007b00   0x0000001a   Code   RO          382    .text.USB_ReadInterrupts  stm32h7xx_ll_usb.o
    0x08007b1a   0x08007b1a   0x00000006   PAD
    0x08007b20   0x08007b20   0x000000b4   Code   RO          368    .text.USB_ReadPacket  stm32h7xx_ll_usb.o
    0x08007bd4   0x08007bd4   0x00000004   PAD
    0x08007bd8   0x08007bd8   0x000000de   Code   RO          338    .text.USB_SetCurrentMode  stm32h7xx_ll_usb.o
    0x08007cb6   0x08007cb6   0x00000002   PAD
    0x08007cb8   0x08007cb8   0x00000036   Code   RO          376    .text.USB_SetDevAddress  stm32h7xx_ll_usb.o
    0x08007cee   0x08007cee   0x00000002   PAD
    0x08007cf0   0x08007cf0   0x00000022   Code   RO          344    .text.USB_SetDevSpeed  stm32h7xx_ll_usb.o
    0x08007d12   0x08007d12   0x00000006   PAD
    0x08007d18   0x08007d18   0x000001ba   Code   RO          332    .text.USB_SetTurnaroundTime  stm32h7xx_ll_usb.o
    0x08007ed2   0x08007ed2   0x00000006   PAD
    0x08007ed8   0x08007ed8   0x00000082   Code   RO          362    .text.USB_WritePacket  stm32h7xx_ll_usb.o
    0x08007f5a   0x08007f5a   0x00000006   PAD
    0x08007f60   0x08007f60   0x0000004e   Code   RO         1504    .text.UVC_Req_GetCurrent  usbd_uvc.o
    0x08007fae   0x08007fae   0x00000002   PAD
    0x08007fb0   0x08007fb0   0x00000058   Code   RO         1506    .text.UVC_Req_SetCurrent  usbd_uvc.o
    0x08008008   0x08008008   0x00000004   Code   RO           43    .text.UsageFault_Handler  stm32h7xx_it.o
    0x0800800c   0x0800800c   0x00000004   PAD
    0x08008010   0x08008010   0x00000030   Code   RO          936    .text.__NVIC_EnableIRQ  stm32h7xx_hal_cortex.o
    0x08008040   0x08008040   0x00000010   Code   RO          928    .text.__NVIC_GetPriorityGrouping  stm32h7xx_hal_cortex.o
    0x08008050   0x08008050   0x00000042   Code   RO          930    .text.__NVIC_SetPriority  stm32h7xx_hal_cortex.o
    0x08008092   0x08008092   0x00000006   PAD
    0x08008098   0x08008098   0x0000003c   Code   RO          924    .text.__NVIC_SetPriorityGrouping  stm32h7xx_hal_cortex.o
    0x080080d4   0x080080d4   0x00000004   PAD
    0x080080d8   0x080080d8   0x00000020   Code   RO           11    .text.main          main.o
    0x080080f8   0x080080f8   0x0000000e   Code   RO         1546    i.__scatterload_copy  mc_w.l(handlers.o)
    0x08008106   0x08008106   0x00000002   Code   RO         1547    i.__scatterload_null  mc_w.l(handlers.o)
    0x08008108   0x08008108   0x0000000e   Code   RO         1548    i.__scatterload_zeroinit  mc_w.l(handlers.o)
    0x08008116   0x08008116   0x00000010   Data   RO         1318    .rodata.D1CorePrescTable  system_stm32h7xx.o
    0x08008126   0x08008126   0x00000042   Data   RO          101    .rodata.str1.1      usbd_desc.o
    0x08008168   0x08008168   0x00000020   Data   RO         1545    Region$$Table       anon$$obj.o


    Execution Region RW_IRAM1 (Exec base: 0x20000000, Load base: 0x08008188, Size: 0x00000000, Max: 0x00020000, ABSOLUTE)

    **** No section assigned to this execution region ****


    Execution Region RW_IRAM2 (Exec base: 0x24000000, Load base: 0x08008188, Size: 0x0000a7b0, Max: 0x00080000, ABSOLUTE, COMPRESSED[0x00007dd0])

    Exec Addr    Load Addr    Size         Type   Attr      Idx    E Section Name        Object

    0x24000000   COMPRESSED   0x0000001c   Data   RW           97    .data.FS_Desc       usbd_desc.o
    0x2400001c   COMPRESSED   0x00000004   Data   RW         1316    .data.SystemCoreClock  system_stm32h7xx.o
    0x24000020   COMPRESSED   0x00000004   Data   RW         1317    .data.SystemD2Clock  system_stm32h7xx.o
    0x24000024   COMPRESSED   0x00000012   Data   RW           98    .data.USBD_FS_DeviceDesc  usbd_desc.o
    0x24000036   COMPRESSED   0x00000002   PAD
    0x24000038   COMPRESSED   0x00000004   Data   RW           99    .data.USBD_LangIDDesc  usbd_desc.o
    0x2400003c   COMPRESSED   0x0000001a   Data   RW          100    .data.USBD_StringSerial  usbd_desc.o
    0x24000056   COMPRESSED   0x00000002   PAD
    0x24000058   COMPRESSED   0x00000038   Data   RW         1510    .data.USBD_UVC      usbd_uvc.o
    0x24000090   COMPRESSED   0x00000010   Data   RW          143    .data.USBD_UVC_Camera  usbd_uvc_if.o
    0x240000a0   COMPRESSED   0x000000a7   Data   RW         1511    .data.USBD_UVC_CfgFSDesc  usbd_uvc.o
    0x24000147   COMPRESSED   0x00000001   PAD
    0x24000148   COMPRESSED   0x00009600   Data   RW          142    .data.pic           usbd_uvc_if.o
    0x24009748   COMPRESSED   0x00000001   Data   RW         1092    .data.uwTickFreq    stm32h7xx_hal.o
    0x24009749   COMPRESSED   0x00000003   PAD
    0x2400974c   COMPRESSED   0x00000004   Data   RW         1091    .data.uwTickPrio    stm32h7xx_hal.o
    0x24009750   COMPRESSED   0x00000022   Data   RW         1512    .data.videoCommitControl  usbd_uvc.o
    0x24009772   COMPRESSED   0x00000022   Data   RW         1513    .data.videoProbeControl  usbd_uvc.o
    0x24009794   COMPRESSED   0x00000004   PAD
    0x24009798        -       0x00000001   Zero   RW         1412    .bss.USBD_SetConfig.cfgidx  usbd_ctlreq.o
    0x24009799   COMPRESSED   0x00000003   PAD
    0x2400979c        -       0x00000200   Zero   RW          102    .bss.USBD_StrDesc   usbd_desc.o
    0x2400999c        -       0x00000220   Zero   RW          214    .bss.USBD_static_malloc.mem  usbd_conf.o
    0x24009bbc        -       0x000002dc   Zero   RW           72    .bss.hUsbDeviceFS   usb_device.o
    0x24009e98        -       0x0000050c   Zero   RW          213    .bss.hpcd_USB_OTG_FS  usbd_conf.o
    0x2400a3a4        -       0x00000004   Zero   RW         1514    .bss.huvc           usbd_uvc.o
    0x2400a3a8        -       0x00000004   Zero   RW         1093    .bss.uwTick         stm32h7xx_hal.o
    0x2400a3ac   COMPRESSED   0x00000004   PAD
    0x2400a3b0        -       0x00000400   Zero   RW            1    STACK               startup_stm32h750xx.o


==============================================================================

Image component sizes


      Code (inc. data)   RO Data    RW Data    ZI Data      Debug   Object Name

        66          0          0          0          0       2221   gpio.o
       366          0          0          0          0       3533   main.o
        36          8        664          0       1024        824   startup_stm32h750xx.o
       374          0          0          5          4      13756   stm32h7xx_hal.o
       718          0          0          0          0      11322   stm32h7xx_hal_cortex.o
       964          0          0          0          0       6980   stm32h7xx_hal_gpio.o
        36          0          0          0          0       2214   stm32h7xx_hal_msp.o
      4962          0          0          0          0      14065   stm32h7xx_hal_pcd.o
       246          0          0          0          0       5425   stm32h7xx_hal_pcd_ex.o
       180          0          0          0          0      10297   stm32h7xx_hal_pwr_ex.o
      4836         66          0          0          0      11796   stm32h7xx_hal_rcc.o
      4882         64          0          0          0      18536   stm32h7xx_hal_rcc_ex.o
        50          0          0          0          0       1098   stm32h7xx_it.o
      5598          0          0          0          0      19268   stm32h7xx_ll_usb.o
       352          0         16          8          0       5793   system_stm32h7xx.o
       122          0          0          0        732       3099   usb_device.o
      1390          4          0          0       1836      18733   usbd_conf.o
       834          0          0          0          0      10164   usbd_core.o
      3360         30          0          0          1       8497   usbd_ctlreq.o
       568          0         66         76        512       3093   usbd_desc.o
       232          0          0          0          0       4139   usbd_ioreq.o
      1356          0          0        291          4       7332   usbd_uvc.o
        36          0          0      38416          0       1447   usbd_uvc_if.o

    ----------------------------------------------------------------------
     32164        172        778      38804       4124     183632   Object Totals
         0          0         32          0          0          0   (incl. Generated)
       600          0          0          8         11          0   (incl. Padding)

    ----------------------------------------------------------------------

      Code (inc. data)   RO Data    RW Data    ZI Data      Debug   Library Member Name

        94          0          0          0          0          0   __dclz77c.o
         0          0          0          0          0          0   entry.o
         0          0          0          0          0          0   entry10a.o
         0          0          0          0          0          0   entry11a.o
         8          4          0          0          0          0   entry2.o
         4          0          0          0          0          0   entry5.o
         0          0          0          0          0          0   entry7b.o
         0          0          0          0          0          0   entry8b.o
         8          4          0          0          0          0   entry9a.o
        30          0          0          0          0          0   handlers.o
        36          8          0          0          0         68   init.o
        36          0          0          0          0        108   memseta.o

    ----------------------------------------------------------------------
       218         16          0          0          0        176   Library Totals
         2          0          0          0          0          0   (incl. Padding)

    ----------------------------------------------------------------------

      Code (inc. data)   RO Data    RW Data    ZI Data      Debug   Library Name

       216         16          0          0          0        176   mc_w.l

    ----------------------------------------------------------------------
       218         16          0          0          0        176   Library Totals

    ----------------------------------------------------------------------

==============================================================================


      Code (inc. data)   RO Data    RW Data    ZI Data      Debug   

     32382        188        778      38804       4124     183672   Grand Totals
     32382        188        778      32208       4124     183672   ELF Image Totals (compressed)
     32382        188        778      32208          0          0   ROM Totals

==============================================================================

    Total RO  Size (Code + RO Data)                33160 (  32.38kB)
    Total RW  Size (RW Data + ZI Data)             42928 (  41.92kB)
    Total ROM Size (Code + RO Data + RW Data)      65368 (  63.84kB)

==============================================================================

