<html>
<body>
<pre>
<h1>µVision Build Log</h1>
<h2>Tool Versions:</h2>
IDE-Version: ¶ÃVision V5.36.0.0
Copyright (C) 2021 ARM Ltd and ARM Germany GmbH. All rights reserved.
License Information: WWW „‰¡÷, WWW, LIC=8VRJ7-EYU6M-2ZNW4-FI5TP-TA5NH-PTD8I
 
Tool Versions:
Toolchain:       MDK-ARM Plus  Version: 5.36.0.0
Toolchain Path:  D:\Keil_v5\ARM\ARMCLANG\Bin
C Compiler:      ArmClang.exe V6.16
Assembler:       Armasm.exe V6.16
Linker/Locator:  ArmLink.exe V6.16
Library Manager: ArmAr.exe V6.16
Hex Converter:   FromElf.exe V6.16
CPU DLL:         SARMCM3.DLL V5.36.0.0
Dialog DLL:      DCM.DLL V1.17.3.0
Target DLL:      STLink\ST-LINKIII-KEIL_SWO.dll V3.0.9.0
Dialog DLL:      TCM.DLL V1.53.0.0
 
<h2>Project:</h2>
C:\Users\YUANLIN\Desktop\STM32H7_USB\UVC_H750\MDK-ARM\UVC_H750.uvprojx
Project File Date:  08/15/2022

<h2>Output:</h2>
*** Using Compiler 'V6.16', folder: 'D:\Keil_v5\ARM\ARMCLANG\Bin'
Build target 'UVC_H750'
compiling usbd_conf.c...
linking...
Program Size: Code=32382 RO-data=778 RW-data=38804 ZI-data=4124  
FromELF: creating hex file...
"UVC_H750\UVC_H750.axf" - 0 Error(s), 0 Warning(s).

<h2>Software Packages used:</h2>

Package Vendor: ARM
                http://www.keil.com/pack/ARM.CMSIS.5.9.0.pack
                ARM.CMSIS.5.9.0
                CMSIS (Common Microcontroller Software Interface Standard)
   * Component: CORE Version: 5.6.0

Package Vendor: Keil
                http://www.keil.com/pack/Keil.STM32H7xx_DFP.2.8.0.pack
                Keil.STM32H7xx_DFP.2.8.0
                STMicroelectronics STM32H7 Series Device Support and Examples

<h2>Collection of Component include folders:</h2>
  .\RTE\_UVC_H750
  D:\Keil_v5\Arm\Packs\ARM\CMSIS\5.9.0\CMSIS\Core\Include
  D:\Keil_v5\Arm\Packs\Keil\STM32H7xx_DFP\2.8.0\Drivers\CMSIS\Device\ST\STM32H7xx\Include

<h2>Collection of Component Files used:</h2>

   * Component: ARM::CMSIS:CORE:5.6.0
      Include file:  CMSIS\Core\Include\tz_context.h
Build Time Elapsed:  00:00:02
</pre>
</body>
</html>
